perl: warning: Setting locale failed.
perl: warning: Please check that your locale settings:
	LANGUAGE = "en_US",
	LC_ALL = (unset),
	LANG = "en_US.UTF-8"
    are supported and installed on your system.
perl: warning: Falling back to the standard locale ("C").
perl: warning: Setting locale failed.
perl: warning: Please check that your locale settings:
	LANGUAGE = "en_US",
	LC_ALL = (unset),
	LANG = "en_US.UTF-8"
    are supported and installed on your system.
perl: warning: Falling back to the standard locale ("C").
perl: warning: Setting locale failed.
perl: warning: Please check that your locale settings:
	LANGUAGE = "en_US",
	LC_ALL = (unset),
	LANG = "en_US.UTF-8"
    are supported and installed on your system.
perl: warning: Falling back to the standard locale ("C").
perl: warning: Setting locale failed.
perl: warning: Please check that your locale settings:
	LANGUAGE = "en_US",
	LC_ALL = (unset),
	LANG = "en_US.UTF-8"
    are supported and installed on your system.
perl: warning: Falling back to the standard locale ("C").
perl: warning: Setting locale failed.
perl: warning: Please check that your locale settings:
	LANGUAGE = "en_US",
	LC_ALL = (unset),
	LANG = "en_US.UTF-8"
    are supported and installed on your system.
perl: warning: Falling back to the standard locale ("C").
./rebuild_oh_connectome.sh "experiments_exclude_updated.json" "../preprocessed/allen_template_inputs/oh_connectome_rgn_numbers_ccfv3.txt"	perl: warning: Setting locale failed.
./rebuild_oh_connectome.sh "experiments_exclude_updated.json" "../preprocessed/allen_template_inputs/oh_connectome_rgn_numbers_ccfv3.txt"	perl: warning: Please check that your locale settings:
./rebuild_oh_connectome.sh "experiments_exclude_updated.json" "../preprocessed/allen_template_inputs/oh_connectome_rgn_numbers_ccfv3.txt"		LANGUAGE = "en_US",
./rebuild_oh_connectome.sh "experiments_exclude_updated.json" "../preprocessed/allen_template_inputs/oh_connectome_rgn_numbers_ccfv3.txt"		LC_ALL = (unset),
./rebuild_oh_connectome.sh "experiments_exclude_updated.json" "../preprocessed/allen_template_inputs/oh_connectome_rgn_numbers_ccfv3.txt"		LANG = "en_US.UTF-8"
./rebuild_oh_connectome.sh "experiments_exclude_updated.json" "../preprocessed/allen_template_inputs/oh_connectome_rgn_numbers_ccfv3.txt"	    are supported and installed on your system.
./rebuild_oh_connectome.sh "experiments_exclude_updated.json" "../preprocessed/allen_template_inputs/oh_connectome_rgn_numbers_ccfv3.txt"	perl: warning: Falling back to the standard locale ("C").
./rebuild_oh_connectome.sh "experiments_exclude_updated.json" "../preprocessed/allen_template_inputs/oh_connectome_rgn_numbers_ccfv3.txt"	DEBUG:root:getting data
./rebuild_oh_connectome.sh "experiments_exclude_updated.json" "../preprocessed/allen_template_inputs/oh_connectome_rgn_numbers_ccfv3.txt"	2026-01-23 20:48:22,838 allensdk.api.api.retrieve_file_over_http INFO     Downloading URL: http://api.brain-map.org/grid_data/download_file/158435826?image=projection_density&resolution=100
./rebuild_oh_connectome.sh "experiments_exclude_updated.json" "../preprocessed/allen_template_inputs/oh_connectome_rgn_numbers_ccfv3.txt"	INFO:allensdk.api.api.retrieve_file_over_http:Downloading URL: http://api.brain-map.org/grid_data/download_file/158435826?image=projection_density&resolution=100
./rebuild_oh_connectome.sh "experiments_exclude_updated.json" "../preprocessed/allen_template_inputs/oh_connectome_rgn_numbers_ccfv3.txt"	DEBUG:urllib3.connectionpool:Starting new HTTP connection (1): api.brain-map.org:80
./rebuild_oh_connectome.sh "experiments_exclude_updated.json" "../preprocessed/allen_template_inputs/oh_connectome_rgn_numbers_ccfv3.txt"	DEBUG:urllib3.connectionpool:http://api.brain-map.org:80 "GET /grid_data/download_file/158435826?image=projection_density&resolution=100 HTTP/1.1" 200 964453
./rebuild_oh_connectome.sh "experiments_exclude_updated.json" "../preprocessed/allen_template_inputs/oh_connectome_rgn_numbers_ccfv3.txt"	2026-01-23 20:48:40,580 allensdk.api.api.retrieve_file_over_http INFO     Downloading URL: http://api.brain-map.org/grid_data/download_file/159021559?image=data_mask&resolution=100
./rebuild_oh_connectome.sh "experiments_exclude_updated.json" "../preprocessed/allen_template_inputs/oh_connectome_rgn_numbers_ccfv3.txt"	INFO:allensdk.api.api.retrieve_file_over_http:Downloading URL: http://api.brain-map.org/grid_data/download_file/159021559?image=data_mask&resolution=100
./rebuild_oh_connectome.sh "experiments_exclude_updated.json" "../preprocessed/allen_template_inputs/oh_connectome_rgn_numbers_ccfv3.txt"	DEBUG:urllib3.connectionpool:Starting new HTTP connection (1): api.brain-map.org:80
./rebuild_oh_connectome.sh "experiments_exclude_updated.json" "../preprocessed/allen_template_inputs/oh_connectome_rgn_numbers_ccfv3.txt"	DEBUG:urllib3.connectionpool:http://api.brain-map.org:80 "GET /grid_data/download_file/159021559?image=data_mask&resolution=100 HTTP/1.1" 200 40121
./rebuild_oh_connectome.sh "experiments_exclude_updated.json" "../preprocessed/allen_template_inputs/oh_connectome_rgn_numbers_ccfv3.txt"	2026-01-23 20:48:41,155 allensdk.api.api.retrieve_file_over_http INFO     Downloading URL: http://api.brain-map.org/grid_data/download_file/159021559?image=injection_density&resolution=100
./rebuild_oh_connectome.sh "experiments_exclude_updated.json" "../preprocessed/allen_template_inputs/oh_connectome_rgn_numbers_ccfv3.txt"	INFO:allensdk.api.api.retrieve_file_over_http:Downloading URL: http://api.brain-map.org/grid_data/download_file/159021559?image=injection_density&resolution=100
./rebuild_oh_connectome.sh "experiments_exclude_updated.json" "../preprocessed/allen_template_inputs/oh_connectome_rgn_numbers_ccfv3.txt"	DEBUG:urllib3.connectionpool:Starting new HTTP connection (1): api.brain-map.org:80
./rebuild_oh_connectome.sh "experiments_exclude_updated.json" "../preprocessed/allen_template_inputs/oh_connectome_rgn_numbers_ccfv3.txt"	DEBUG:urllib3.connectionpool:http://api.brain-map.org:80 "GET /grid_data/download_file/159021559?image=injection_density&resolution=100 HTTP/1.1" 200 13363
./rebuild_oh_connectome.sh "experiments_exclude_updated.json" "../preprocessed/allen_template_inputs/oh_connectome_rgn_numbers_ccfv3.txt"	2026-01-23 20:48:41,667 allensdk.api.api.retrieve_file_over_http INFO     Downloading URL: http://api.brain-map.org/grid_data/download_file/159021559?image=injection_fraction&resolution=100
./rebuild_oh_connectome.sh "experiments_exclude_updated.json" "../preprocessed/allen_template_inputs/oh_connectome_rgn_numbers_ccfv3.txt"	INFO:allensdk.api.api.retrieve_file_over_http:Downloading URL: http://api.brain-map.org/grid_data/download_file/159021559?image=injection_fraction&resolution=100
./rebuild_oh_connectome.sh "experiments_exclude_updated.json" "../preprocessed/allen_template_inputs/oh_connectome_rgn_numbers_ccfv3.txt"	DEBUG:urllib3.connectionpool:Starting new HTTP connection (1): api.brain-map.org:80
./rebuild_oh_connectome.sh "experiments_exclude_updated.json" "../preprocessed/allen_template_inputs/oh_connectome_rgn_numbers_ccfv3.txt"	DEBUG:urllib3.connectionpool:http://api.brain-map.org:80 "GET /grid_data/download_file/159021559?image=injection_fraction&resolution=100 HTTP/1.1" 200 12723
./rebuild_oh_connectome.sh "experiments_exclude_updated.json" "../preprocessed/allen_template_inputs/oh_connectome_rgn_numbers_ccfv3.txt"	2026-01-23 20:48:42,122 allensdk.api.api.retrieve_file_over_http INFO     Downloading URL: http://api.brain-map.org/grid_data/download_file/159021559?image=projection_density&resolution=100
./rebuild_oh_connectome.sh "experiments_exclude_updated.json" "../preprocessed/allen_template_inputs/oh_connectome_rgn_numbers_ccfv3.txt"	INFO:allensdk.api.api.retrieve_file_over_http:Downloading URL: http://api.brain-map.org/grid_data/download_file/159021559?image=projection_density&resolution=100
./rebuild_oh_connectome.sh "experiments_exclude_updated.json" "../preprocessed/allen_template_inputs/oh_connectome_rgn_numbers_ccfv3.txt"	DEBUG:urllib3.connectionpool:Starting new HTTP connection (1): api.brain-map.org:80
./rebuild_oh_connectome.sh "experiments_exclude_updated.json" "../preprocessed/allen_template_inputs/oh_connectome_rgn_numbers_ccfv3.txt"	DEBUG:urllib3.connectionpool:http://api.brain-map.org:80 "GET /grid_data/download_file/159021559?image=projection_density&resolution=100 HTTP/1.1" 200 916597
./rebuild_oh_connectome.sh "experiments_exclude_updated.json" "../preprocessed/allen_template_inputs/oh_connectome_rgn_numbers_ccfv3.txt"	2026-01-23 20:48:56,384 allensdk.api.api.retrieve_file_over_http INFO     Downloading URL: http://api.brain-map.org/grid_data/download_file/112597496?image=data_mask&resolution=100
./rebuild_oh_connectome.sh "experiments_exclude_updated.json" "../preprocessed/allen_template_inputs/oh_connectome_rgn_numbers_ccfv3.txt"	INFO:allensdk.api.api.retrieve_file_over_http:Downloading URL: http://api.brain-map.org/grid_data/download_file/112597496?image=data_mask&resolution=100
./rebuild_oh_connectome.sh "experiments_exclude_updated.json" "../preprocessed/allen_template_inputs/oh_connectome_rgn_numbers_ccfv3.txt"	DEBUG:urllib3.connectionpool:Starting new HTTP connection (1): api.brain-map.org:80
./rebuild_oh_connectome.sh "experiments_exclude_updated.json" "../preprocessed/allen_template_inputs/oh_connectome_rgn_numbers_ccfv3.txt"	DEBUG:urllib3.connectionpool:http://api.brain-map.org:80 "GET /grid_data/download_file/112597496?image=data_mask&resolution=100 HTTP/1.1" 200 65680
./rebuild_oh_connectome.sh "experiments_exclude_updated.json" "../preprocessed/allen_template_inputs/oh_connectome_rgn_numbers_ccfv3.txt"	2026-01-23 20:48:57,296 allensdk.api.api.retrieve_file_over_http INFO     Downloading URL: http://api.brain-map.org/grid_data/download_file/112597496?image=injection_density&resolution=100
./rebuild_oh_connectome.sh "experiments_exclude_updated.json" "../preprocessed/allen_template_inputs/oh_connectome_rgn_numbers_ccfv3.txt"	INFO:allensdk.api.api.retrieve_file_over_http:Downloading URL: http://api.brain-map.org/grid_data/download_file/112597496?image=injection_density&resolution=100
./rebuild_oh_connectome.sh "experiments_exclude_updated.json" "../preprocessed/allen_template_inputs/oh_connectome_rgn_numbers_ccfv3.txt"	DEBUG:urllib3.connectionpool:Starting new HTTP connection (1): api.brain-map.org:80
./rebuild_oh_connectome.sh "experiments_exclude_updated.json" "../preprocessed/allen_template_inputs/oh_connectome_rgn_numbers_ccfv3.txt"	DEBUG:urllib3.connectionpool:http://api.brain-map.org:80 "GET /grid_data/download_file/112597496?image=injection_density&resolution=100 HTTP/1.1" 200 6542
./rebuild_oh_connectome.sh "experiments_exclude_updated.json" "../preprocessed/allen_template_inputs/oh_connectome_rgn_numbers_ccfv3.txt"	2026-01-23 20:48:57,489 allensdk.api.api.retrieve_file_over_http INFO     Downloading URL: http://api.brain-map.org/grid_data/download_file/112597496?image=injection_fraction&resolution=100
./rebuild_oh_connectome.sh "experiments_exclude_updated.json" "../preprocessed/allen_template_inputs/oh_connectome_rgn_numbers_ccfv3.txt"	INFO:allensdk.api.api.retrieve_file_over_http:Downloading URL: http://api.brain-map.org/grid_data/download_file/112597496?image=injection_fraction&resolution=100
./rebuild_oh_connectome.sh "experiments_exclude_updated.json" "../preprocessed/allen_template_inputs/oh_connectome_rgn_numbers_ccfv3.txt"	DEBUG:urllib3.connectionpool:Starting new HTTP connection (1): api.brain-map.org:80
./rebuild_oh_connectome.sh "experiments_exclude_updated.json" "../preprocessed/allen_template_inputs/oh_connectome_rgn_numbers_ccfv3.txt"	DEBUG:urllib3.connectionpool:http://api.brain-map.org:80 "GET /grid_data/download_file/112597496?image=injection_fraction&resolution=100 HTTP/1.1" 200 6507
./rebuild_oh_connectome.sh "experiments_exclude_updated.json" "../preprocessed/allen_template_inputs/oh_connectome_rgn_numbers_ccfv3.txt"	2026-01-23 20:48:58,241 allensdk.api.api.retrieve_file_over_http INFO     Downloading URL: http://api.brain-map.org/grid_data/download_file/112597496?image=projection_density&resolution=100
./rebuild_oh_connectome.sh "experiments_exclude_updated.json" "../preprocessed/allen_template_inputs/oh_connectome_rgn_numbers_ccfv3.txt"	INFO:allensdk.api.api.retrieve_file_over_http:Downloading URL: http://api.brain-map.org/grid_data/download_file/112597496?image=projection_density&resolution=100
./rebuild_oh_connectome.sh "experiments_exclude_updated.json" "../preprocessed/allen_template_inputs/oh_connectome_rgn_numbers_ccfv3.txt"	DEBUG:urllib3.connectionpool:Starting new HTTP connection (1): api.brain-map.org:80
./rebuild_oh_connectome.sh "experiments_exclude_updated.json" "../preprocessed/allen_template_inputs/oh_connectome_rgn_numbers_ccfv3.txt"	DEBUG:urllib3.connectionpool:http://api.brain-map.org:80 "GET /grid_data/download_file/112597496?image=projection_density&resolution=100 HTTP/1.1" 200 484814
./rebuild_oh_connectome.sh "experiments_exclude_updated.json" "../preprocessed/allen_template_inputs/oh_connectome_rgn_numbers_ccfv3.txt"	2026-01-23 20:49:06,859 allensdk.api.api.retrieve_file_over_http INFO     Downloading URL: http://api.brain-map.org/grid_data/download_file/113226232?image=data_mask&resolution=100
./rebuild_oh_connectome.sh "experiments_exclude_updated.json" "../preprocessed/allen_template_inputs/oh_connectome_rgn_numbers_ccfv3.txt"	INFO:allensdk.api.api.retrieve_file_over_http:Downloading URL: http://api.brain-map.org/grid_data/download_file/113226232?image=data_mask&resolution=100
./rebuild_oh_connectome.sh "experiments_exclude_updated.json" "../preprocessed/allen_template_inputs/oh_connectome_rgn_numbers_ccfv3.txt"	DEBUG:urllib3.connectionpool:Starting new HTTP connection (1): api.brain-map.org:80
./rebuild_oh_connectome.sh "experiments_exclude_updated.json" "../preprocessed/allen_template_inputs/oh_connectome_rgn_numbers_ccfv3.txt"	DEBUG:urllib3.connectionpool:http://api.brain-map.org:80 "GET /grid_data/download_file/113226232?image=data_mask&resolution=100 HTTP/1.1" 200 71340
./rebuild_oh_connectome.sh "experiments_exclude_updated.json" "../preprocessed/allen_template_inputs/oh_connectome_rgn_numbers_ccfv3.txt"	2026-01-23 20:49:07,901 allensdk.api.api.retrieve_file_over_http INFO     Downloading URL: http://api.brain-map.org/grid_data/download_file/113226232?image=injection_density&resolution=100
./rebuild_oh_connectome.sh "experiments_exclude_updated.json" "../preprocessed/allen_template_inputs/oh_connectome_rgn_numbers_ccfv3.txt"	INFO:allensdk.api.api.retrieve_file_over_http:Downloading URL: http://api.brain-map.org/grid_data/download_file/113226232?image=injection_density&resolution=100
./rebuild_oh_connectome.sh "experiments_exclude_updated.json" "../preprocessed/allen_template_inputs/oh_connectome_rgn_numbers_ccfv3.txt"	DEBUG:urllib3.connectionpool:Starting new HTTP connection (1): api.brain-map.org:80
./rebuild_oh_connectome.sh "experiments_exclude_updated.json" "../preprocessed/allen_template_inputs/oh_connectome_rgn_numbers_ccfv3.txt"	DEBUG:urllib3.connectionpool:http://api.brain-map.org:80 "GET /grid_data/download_file/113226232?image=injection_density&resolution=100 HTTP/1.1" 200 9864
./rebuild_oh_connectome.sh "experiments_exclude_updated.json" "../preprocessed/allen_template_inputs/oh_connectome_rgn_numbers_ccfv3.txt"	2026-01-23 20:49:08,678 allensdk.api.api.retrieve_file_over_http INFO     Downloading URL: http://api.brain-map.org/grid_data/download_file/113226232?image=injection_fraction&resolution=100
./rebuild_oh_connectome.sh "experiments_exclude_updated.json" "../preprocessed/allen_template_inputs/oh_connectome_rgn_numbers_ccfv3.txt"	INFO:allensdk.api.api.retrieve_file_over_http:Downloading URL: http://api.brain-map.org/grid_data/download_file/113226232?image=injection_fraction&resolution=100
./rebuild_oh_connectome.sh "experiments_exclude_updated.json" "../preprocessed/allen_template_inputs/oh_connectome_rgn_numbers_ccfv3.txt"	DEBUG:urllib3.connectionpool:Starting new HTTP connection (1): api.brain-map.org:80
./rebuild_oh_connectome.sh "experiments_exclude_updated.json" "../preprocessed/allen_template_inputs/oh_connectome_rgn_numbers_ccfv3.txt"	DEBUG:urllib3.connectionpool:http://api.brain-map.org:80 "GET /grid_data/download_file/113226232?image=injection_fraction&resolution=100 HTTP/1.1" 200 9444
./rebuild_oh_connectome.sh "experiments_exclude_updated.json" "../preprocessed/allen_template_inputs/oh_connectome_rgn_numbers_ccfv3.txt"	2026-01-23 20:49:09,523 allensdk.api.api.retrieve_file_over_http INFO     Downloading URL: http://api.brain-map.org/grid_data/download_file/113226232?image=projection_density&resolution=100
./rebuild_oh_connectome.sh "experiments_exclude_updated.json" "../preprocessed/allen_template_inputs/oh_connectome_rgn_numbers_ccfv3.txt"	INFO:allensdk.api.api.retrieve_file_over_http:Downloading URL: http://api.brain-map.org/grid_data/download_file/113226232?image=projection_density&resolution=100
./rebuild_oh_connectome.sh "experiments_exclude_updated.json" "../preprocessed/allen_template_inputs/oh_connectome_rgn_numbers_ccfv3.txt"	DEBUG:urllib3.connectionpool:Starting new HTTP connection (1): api.brain-map.org:80
./rebuild_oh_connectome.sh "experiments_exclude_updated.json" "../preprocessed/allen_template_inputs/oh_connectome_rgn_numbers_ccfv3.txt"	DEBUG:urllib3.connectionpool:http://api.brain-map.org:80 "GET /grid_data/download_file/113226232?image=projection_density&resolution=100 HTTP/1.1" 200 600614
./rebuild_oh_connectome.sh "experiments_exclude_updated.json" "../preprocessed/allen_template_inputs/oh_connectome_rgn_numbers_ccfv3.txt"	2026-01-23 20:49:20,290 allensdk.api.api.retrieve_file_over_http INFO     Downloading URL: http://api.brain-map.org/grid_data/download_file/113369603?image=data_mask&resolution=100
./rebuild_oh_connectome.sh "experiments_exclude_updated.json" "../preprocessed/allen_template_inputs/oh_connectome_rgn_numbers_ccfv3.txt"	INFO:allensdk.api.api.retrieve_file_over_http:Downloading URL: http://api.brain-map.org/grid_data/download_file/113369603?image=data_mask&resolution=100
./rebuild_oh_connectome.sh "experiments_exclude_updated.json" "../preprocessed/allen_template_inputs/oh_connectome_rgn_numbers_ccfv3.txt"	DEBUG:urllib3.connectionpool:Starting new HTTP connection (1): api.brain-map.org:80
./rebuild_oh_connectome.sh "experiments_exclude_updated.json" "../preprocessed/allen_template_inputs/oh_connectome_rgn_numbers_ccfv3.txt"	DEBUG:urllib3.connectionpool:http://api.brain-map.org:80 "GET /grid_data/download_file/113369603?image=data_mask&resolution=100 HTTP/1.1" 200 123579
./rebuild_oh_connectome.sh "experiments_exclude_updated.json" "../preprocessed/allen_template_inputs/oh_connectome_rgn_numbers_ccfv3.txt"	2026-01-23 20:49:21,809 allensdk.api.api.retrieve_file_over_http INFO     Downloading URL: http://api.brain-map.org/grid_data/download_file/113369603?image=injection_density&resolution=100
./rebuild_oh_connectome.sh "experiments_exclude_updated.json" "../preprocessed/allen_template_inputs/oh_connectome_rgn_numbers_ccfv3.txt"	INFO:allensdk.api.api.retrieve_file_over_http:Downloading URL: http://api.brain-map.org/grid_data/download_file/113369603?image=injection_density&resolution=100
./rebuild_oh_connectome.sh "experiments_exclude_updated.json" "../preprocessed/allen_template_inputs/oh_connectome_rgn_numbers_ccfv3.txt"	DEBUG:urllib3.connectionpool:Starting new HTTP connection (1): api.brain-map.org:80
./rebuild_oh_connectome.sh "experiments_exclude_updated.json" "../preprocessed/allen_template_inputs/oh_connectome_rgn_numbers_ccfv3.txt"	DEBUG:urllib3.connectionpool:http://api.brain-map.org:80 "GET /grid_data/download_file/113369603?image=injection_density&resolution=100 HTTP/1.1" 200 8671
./rebuild_oh_connectome.sh "experiments_exclude_updated.json" "../preprocessed/allen_template_inputs/oh_connectome_rgn_numbers_ccfv3.txt"	2026-01-23 20:49:22,008 allensdk.api.api.retrieve_file_over_http INFO     Downloading URL: http://api.brain-map.org/grid_data/download_file/113369603?image=injection_fraction&resolution=100
./rebuild_oh_connectome.sh "experiments_exclude_updated.json" "../preprocessed/allen_template_inputs/oh_connectome_rgn_numbers_ccfv3.txt"	INFO:allensdk.api.api.retrieve_file_over_http:Downloading URL: http://api.brain-map.org/grid_data/download_file/113369603?image=injection_fraction&resolution=100
./rebuild_oh_connectome.sh "experiments_exclude_updated.json" "../preprocessed/allen_template_inputs/oh_connectome_rgn_numbers_ccfv3.txt"	DEBUG:urllib3.connectionpool:Starting new HTTP connection (1): api.brain-map.org:80
./rebuild_oh_connectome.sh "experiments_exclude_updated.json" "../preprocessed/allen_template_inputs/oh_connectome_rgn_numbers_ccfv3.txt"	DEBUG:urllib3.connectionpool:http://api.brain-map.org:80 "GET /grid_data/download_file/113369603?image=injection_fraction&resolution=100 HTTP/1.1" 200 8309
./rebuild_oh_connectome.sh "experiments_exclude_updated.json" "../preprocessed/allen_template_inputs/oh_connectome_rgn_numbers_ccfv3.txt"	2026-01-23 20:49:22,616 allensdk.api.api.retrieve_file_over_http INFO     Downloading URL: http://api.brain-map.org/grid_data/download_file/113369603?image=projection_density&resolution=100
./rebuild_oh_connectome.sh "experiments_exclude_updated.json" "../preprocessed/allen_template_inputs/oh_connectome_rgn_numbers_ccfv3.txt"	INFO:allensdk.api.api.retrieve_file_over_http:Downloading URL: http://api.brain-map.org/grid_data/download_file/113369603?image=projection_density&resolution=100
./rebuild_oh_connectome.sh "experiments_exclude_updated.json" "../preprocessed/allen_template_inputs/oh_connectome_rgn_numbers_ccfv3.txt"	DEBUG:urllib3.connectionpool:Starting new HTTP connection (1): api.brain-map.org:80
./rebuild_oh_connectome.sh "experiments_exclude_updated.json" "../preprocessed/allen_template_inputs/oh_connectome_rgn_numbers_ccfv3.txt"	DEBUG:urllib3.connectionpool:http://api.brain-map.org:80 "GET /grid_data/download_file/113369603?image=projection_density&resolution=100 HTTP/1.1" 200 371452
./rebuild_oh_connectome.sh "experiments_exclude_updated.json" "../preprocessed/allen_template_inputs/oh_connectome_rgn_numbers_ccfv3.txt"	2026-01-23 20:49:28,193 allensdk.api.api.retrieve_file_over_http INFO     Downloading URL: http://api.brain-map.org/grid_data/download_file/640285199?image=data_mask&resolution=100
./rebuild_oh_connectome.sh "experiments_exclude_updated.json" "../preprocessed/allen_template_inputs/oh_connectome_rgn_numbers_ccfv3.txt"	INFO:allensdk.api.api.retrieve_file_over_http:Downloading URL: http://api.brain-map.org/grid_data/download_file/640285199?image=data_mask&resolution=100
./rebuild_oh_connectome.sh "experiments_exclude_updated.json" "../preprocessed/allen_template_inputs/oh_connectome_rgn_numbers_ccfv3.txt"	DEBUG:urllib3.connectionpool:Starting new HTTP connection (1): api.brain-map.org:80
./rebuild_oh_connectome.sh "experiments_exclude_updated.json" "../preprocessed/allen_template_inputs/oh_connectome_rgn_numbers_ccfv3.txt"	DEBUG:urllib3.connectionpool:http://api.brain-map.org:80 "GET /grid_data/download_file/640285199?image=data_mask&resolution=100 HTTP/1.1" 200 71894
./rebuild_oh_connectome.sh "experiments_exclude_updated.json" "../preprocessed/allen_template_inputs/oh_connectome_rgn_numbers_ccfv3.txt"	2026-01-23 20:49:30,709 allensdk.api.api.retrieve_file_over_http INFO     Downloading URL: http://api.brain-map.org/grid_data/download_file/640285199?image=injection_density&resolution=100
./rebuild_oh_connectome.sh "experiments_exclude_updated.json" "../preprocessed/allen_template_inputs/oh_connectome_rgn_numbers_ccfv3.txt"	INFO:allensdk.api.api.retrieve_file_over_http:Downloading URL: http://api.brain-map.org/grid_data/download_file/640285199?image=injection_density&resolution=100
./rebuild_oh_connectome.sh "experiments_exclude_updated.json" "../preprocessed/allen_template_inputs/oh_connectome_rgn_numbers_ccfv3.txt"	DEBUG:urllib3.connectionpool:Starting new HTTP connection (1): api.brain-map.org:80
./rebuild_oh_connectome.sh "experiments_exclude_updated.json" "../preprocessed/allen_template_inputs/oh_connectome_rgn_numbers_ccfv3.txt"	DEBUG:urllib3.connectionpool:http://api.brain-map.org:80 "GET /grid_data/download_file/640285199?image=injection_density&resolution=100 HTTP/1.1" 200 5938
./rebuild_oh_connectome.sh "experiments_exclude_updated.json" "../preprocessed/allen_template_inputs/oh_connectome_rgn_numbers_ccfv3.txt"	2026-01-23 20:49:30,924 allensdk.api.api.retrieve_file_over_http INFO     Downloading URL: http://api.brain-map.org/grid_data/download_file/640285199?image=injection_fraction&resolution=100
./rebuild_oh_connectome.sh "experiments_exclude_updated.json" "../preprocessed/allen_template_inputs/oh_connectome_rgn_numbers_ccfv3.txt"	INFO:allensdk.api.api.retrieve_file_over_http:Downloading URL: http://api.brain-map.org/grid_data/download_file/640285199?image=injection_fraction&resolution=100
./rebuild_oh_connectome.sh "experiments_exclude_updated.json" "../preprocessed/allen_template_inputs/oh_connectome_rgn_numbers_ccfv3.txt"	DEBUG:urllib3.connectionpool:Starting new HTTP connection (1): api.brain-map.org:80
./rebuild_oh_connectome.sh "experiments_exclude_updated.json" "../preprocessed/allen_template_inputs/oh_connectome_rgn_numbers_ccfv3.txt"	DEBUG:urllib3.connectionpool:http://api.brain-map.org:80 "GET /grid_data/download_file/640285199?image=injection_fraction&resolution=100 HTTP/1.1" 200 5947
./rebuild_oh_connectome.sh "experiments_exclude_updated.json" "../preprocessed/allen_template_inputs/oh_connectome_rgn_numbers_ccfv3.txt"	2026-01-23 20:49:31,200 allensdk.api.api.retrieve_file_over_http INFO     Downloading URL: http://api.brain-map.org/grid_data/download_file/640285199?image=projection_density&resolution=100
./rebuild_oh_connectome.sh "experiments_exclude_updated.json" "../preprocessed/allen_template_inputs/oh_connectome_rgn_numbers_ccfv3.txt"	INFO:allensdk.api.api.retrieve_file_over_http:Downloading URL: http://api.brain-map.org/grid_data/download_file/640285199?image=projection_density&resolution=100
./rebuild_oh_connectome.sh "experiments_exclude_updated.json" "../preprocessed/allen_template_inputs/oh_connectome_rgn_numbers_ccfv3.txt"	DEBUG:urllib3.connectionpool:Starting new HTTP connection (1): api.brain-map.org:80
./rebuild_oh_connectome.sh "experiments_exclude_updated.json" "../preprocessed/allen_template_inputs/oh_connectome_rgn_numbers_ccfv3.txt"	DEBUG:urllib3.connectionpool:http://api.brain-map.org:80 "GET /grid_data/download_file/640285199?image=projection_density&resolution=100 HTTP/1.1" 200 334696
./rebuild_oh_connectome.sh "experiments_exclude_updated.json" "../preprocessed/allen_template_inputs/oh_connectome_rgn_numbers_ccfv3.txt"	2026-01-23 20:49:39,057 allensdk.api.api.retrieve_file_over_http INFO     Downloading URL: http://api.brain-map.org/grid_data/download_file/157659671?image=data_mask&resolution=100
./rebuild_oh_connectome.sh "experiments_exclude_updated.json" "../preprocessed/allen_template_inputs/oh_connectome_rgn_numbers_ccfv3.txt"	INFO:allensdk.api.api.retrieve_file_over_http:Downloading URL: http://api.brain-map.org/grid_data/download_file/157659671?image=data_mask&resolution=100
./rebuild_oh_connectome.sh "experiments_exclude_updated.json" "../preprocessed/allen_template_inputs/oh_connectome_rgn_numbers_ccfv3.txt"	DEBUG:urllib3.connectionpool:Starting new HTTP connection (1): api.brain-map.org:80
./rebuild_oh_connectome.sh "experiments_exclude_updated.json" "../preprocessed/allen_template_inputs/oh_connectome_rgn_numbers_ccfv3.txt"	DEBUG:urllib3.connectionpool:http://api.brain-map.org:80 "GET /grid_data/download_file/157659671?image=data_mask&resolution=100 HTTP/1.1" 200 87497
./rebuild_oh_connectome.sh "experiments_exclude_updated.json" "../preprocessed/allen_template_inputs/oh_connectome_rgn_numbers_ccfv3.txt"	2026-01-23 20:49:41,183 allensdk.api.api.retrieve_file_over_http INFO     Downloading URL: http://api.brain-map.org/grid_data/download_file/157659671?image=injection_density&resolution=100
./rebuild_oh_connectome.sh "experiments_exclude_updated.json" "../preprocessed/allen_template_inputs/oh_connectome_rgn_numbers_ccfv3.txt"	INFO:allensdk.api.api.retrieve_file_over_http:Downloading URL: http://api.brain-map.org/grid_data/download_file/157659671?image=injection_density&resolution=100
./rebuild_oh_connectome.sh "experiments_exclude_updated.json" "../preprocessed/allen_template_inputs/oh_connectome_rgn_numbers_ccfv3.txt"	DEBUG:urllib3.connectionpool:Starting new HTTP connection (1): api.brain-map.org:80
./rebuild_oh_connectome.sh "experiments_exclude_updated.json" "../preprocessed/allen_template_inputs/oh_connectome_rgn_numbers_ccfv3.txt"	DEBUG:urllib3.connectionpool:http://api.brain-map.org:80 "GET /grid_data/download_file/157659671?image=injection_density&resolution=100 HTTP/1.1" 200 10242
./rebuild_oh_connectome.sh "experiments_exclude_updated.json" "../preprocessed/allen_template_inputs/oh_connectome_rgn_numbers_ccfv3.txt"	2026-01-23 20:49:41,389 allensdk.api.api.retrieve_file_over_http INFO     Downloading URL: http://api.brain-map.org/grid_data/download_file/157659671?image=injection_fraction&resolution=100
./rebuild_oh_connectome.sh "experiments_exclude_updated.json" "../preprocessed/allen_template_inputs/oh_connectome_rgn_numbers_ccfv3.txt"	INFO:allensdk.api.api.retrieve_file_over_http:Downloading URL: http://api.brain-map.org/grid_data/download_file/157659671?image=injection_fraction&resolution=100
./rebuild_oh_connectome.sh "experiments_exclude_updated.json" "../preprocessed/allen_template_inputs/oh_connectome_rgn_numbers_ccfv3.txt"	DEBUG:urllib3.connectionpool:Starting new HTTP connection (1): api.brain-map.org:80
./rebuild_oh_connectome.sh "experiments_exclude_updated.json" "../preprocessed/allen_template_inputs/oh_connectome_rgn_numbers_ccfv3.txt"	DEBUG:urllib3.connectionpool:http://api.brain-map.org:80 "GET /grid_data/download_file/157659671?image=injection_fraction&resolution=100 HTTP/1.1" 200 10076
./rebuild_oh_connectome.sh "experiments_exclude_updated.json" "../preprocessed/allen_template_inputs/oh_connectome_rgn_numbers_ccfv3.txt"	2026-01-23 20:49:41,661 allensdk.api.api.retrieve_file_over_http INFO     Downloading URL: http://api.brain-map.org/grid_data/download_file/157659671?image=projection_density&resolution=100
./rebuild_oh_connectome.sh "experiments_exclude_updated.json" "../preprocessed/allen_template_inputs/oh_connectome_rgn_numbers_ccfv3.txt"	INFO:allensdk.api.api.retrieve_file_over_http:Downloading URL: http://api.brain-map.org/grid_data/download_file/157659671?image=projection_density&resolution=100
./rebuild_oh_connectome.sh "experiments_exclude_updated.json" "../preprocessed/allen_template_inputs/oh_connectome_rgn_numbers_ccfv3.txt"	DEBUG:urllib3.connectionpool:Starting new HTTP connection (1): api.brain-map.org:80
./rebuild_oh_connectome.sh "experiments_exclude_updated.json" "../preprocessed/allen_template_inputs/oh_connectome_rgn_numbers_ccfv3.txt"	DEBUG:urllib3.connectionpool:http://api.brain-map.org:80 "GET /grid_data/download_file/157659671?image=projection_density&resolution=100 HTTP/1.1" 200 569876
./rebuild_oh_connectome.sh "experiments_exclude_updated.json" "../preprocessed/allen_template_inputs/oh_connectome_rgn_numbers_ccfv3.txt"	2026-01-23 20:49:49,872 allensdk.api.api.retrieve_file_over_http INFO     Downloading URL: http://api.brain-map.org/grid_data/download_file/113783321?image=data_mask&resolution=100
./rebuild_oh_connectome.sh "experiments_exclude_updated.json" "../preprocessed/allen_template_inputs/oh_connectome_rgn_numbers_ccfv3.txt"	INFO:allensdk.api.api.retrieve_file_over_http:Downloading URL: http://api.brain-map.org/grid_data/download_file/113783321?image=data_mask&resolution=100
./rebuild_oh_connectome.sh "experiments_exclude_updated.json" "../preprocessed/allen_template_inputs/oh_connectome_rgn_numbers_ccfv3.txt"	DEBUG:urllib3.connectionpool:Starting new HTTP connection (1): api.brain-map.org:80
./rebuild_oh_connectome.sh "experiments_exclude_updated.json" "../preprocessed/allen_template_inputs/oh_connectome_rgn_numbers_ccfv3.txt"	DEBUG:urllib3.connectionpool:http://api.brain-map.org:80 "GET /grid_data/download_file/113783321?image=data_mask&resolution=100 HTTP/1.1" 200 53502
./rebuild_oh_connectome.sh "experiments_exclude_updated.json" "../preprocessed/allen_template_inputs/oh_connectome_rgn_numbers_ccfv3.txt"	2026-01-23 20:49:50,364 allensdk.api.api.retrieve_file_over_http INFO     Downloading URL: http://api.brain-map.org/grid_data/download_file/113783321?image=injection_density&resolution=100
./rebuild_oh_connectome.sh "experiments_exclude_updated.json" "../preprocessed/allen_template_inputs/oh_connectome_rgn_numbers_ccfv3.txt"	INFO:allensdk.api.api.retrieve_file_over_http:Downloading URL: http://api.brain-map.org/grid_data/download_file/113783321?image=injection_density&resolution=100
./rebuild_oh_connectome.sh "experiments_exclude_updated.json" "../preprocessed/allen_template_inputs/oh_connectome_rgn_numbers_ccfv3.txt"	DEBUG:urllib3.connectionpool:Starting new HTTP connection (1): api.brain-map.org:80
./rebuild_oh_connectome.sh "experiments_exclude_updated.json" "../preprocessed/allen_template_inputs/oh_connectome_rgn_numbers_ccfv3.txt"	DEBUG:urllib3.connectionpool:http://api.brain-map.org:80 "GET /grid_data/download_file/113783321?image=injection_density&resolution=100 HTTP/1.1" 200 6441
./rebuild_oh_connectome.sh "experiments_exclude_updated.json" "../preprocessed/allen_template_inputs/oh_connectome_rgn_numbers_ccfv3.txt"	2026-01-23 20:49:50,565 allensdk.api.api.retrieve_file_over_http INFO     Downloading URL: http://api.brain-map.org/grid_data/download_file/113783321?image=injection_fraction&resolution=100
./rebuild_oh_connectome.sh "experiments_exclude_updated.json" "../preprocessed/allen_template_inputs/oh_connectome_rgn_numbers_ccfv3.txt"	INFO:allensdk.api.api.retrieve_file_over_http:Downloading URL: http://api.brain-map.org/grid_data/download_file/113783321?image=injection_fraction&resolution=100
./rebuild_oh_connectome.sh "experiments_exclude_updated.json" "../preprocessed/allen_template_inputs/oh_connectome_rgn_numbers_ccfv3.txt"	DEBUG:urllib3.connectionpool:Starting new HTTP connection (1): api.brain-map.org:80
./rebuild_oh_connectome.sh "experiments_exclude_updated.json" "../preprocessed/allen_template_inputs/oh_connectome_rgn_numbers_ccfv3.txt"	DEBUG:urllib3.connectionpool:http://api.brain-map.org:80 "GET /grid_data/download_file/113783321?image=injection_fraction&resolution=100 HTTP/1.1" 200 6458
./rebuild_oh_connectome.sh "experiments_exclude_updated.json" "../preprocessed/allen_template_inputs/oh_connectome_rgn_numbers_ccfv3.txt"	2026-01-23 20:49:52,047 allensdk.api.api.retrieve_file_over_http INFO     Downloading URL: http://api.brain-map.org/grid_data/download_file/113783321?image=projection_density&resolution=100
./rebuild_oh_connectome.sh "experiments_exclude_updated.json" "../preprocessed/allen_template_inputs/oh_connectome_rgn_numbers_ccfv3.txt"	INFO:allensdk.api.api.retrieve_file_over_http:Downloading URL: http://api.brain-map.org/grid_data/download_file/113783321?image=projection_density&resolution=100
./rebuild_oh_connectome.sh "experiments_exclude_updated.json" "../preprocessed/allen_template_inputs/oh_connectome_rgn_numbers_ccfv3.txt"	DEBUG:urllib3.connectionpool:Starting new HTTP connection (1): api.brain-map.org:80
./rebuild_oh_connectome.sh "experiments_exclude_updated.json" "../preprocessed/allen_template_inputs/oh_connectome_rgn_numbers_ccfv3.txt"	DEBUG:urllib3.connectionpool:http://api.brain-map.org:80 "GET /grid_data/download_file/113783321?image=projection_density&resolution=100 HTTP/1.1" 200 175025
./rebuild_oh_connectome.sh "experiments_exclude_updated.json" "../preprocessed/allen_template_inputs/oh_connectome_rgn_numbers_ccfv3.txt"	2026-01-23 20:49:53,758 allensdk.api.api.retrieve_file_over_http INFO     Downloading URL: http://api.brain-map.org/grid_data/download_file/100141596?image=data_mask&resolution=100
./rebuild_oh_connectome.sh "experiments_exclude_updated.json" "../preprocessed/allen_template_inputs/oh_connectome_rgn_numbers_ccfv3.txt"	INFO:allensdk.api.api.retrieve_file_over_http:Downloading URL: http://api.brain-map.org/grid_data/download_file/100141596?image=data_mask&resolution=100
./rebuild_oh_connectome.sh "experiments_exclude_updated.json" "../preprocessed/allen_template_inputs/oh_connectome_rgn_numbers_ccfv3.txt"	DEBUG:urllib3.connectionpool:Starting new HTTP connection (1): api.brain-map.org:80
./rebuild_oh_connectome.sh "experiments_exclude_updated.json" "../preprocessed/allen_template_inputs/oh_connectome_rgn_numbers_ccfv3.txt"	DEBUG:urllib3.connectionpool:http://api.brain-map.org:80 "GET /grid_data/download_file/100141596?image=data_mask&resolution=100 HTTP/1.1" 200 75503
./rebuild_oh_connectome.sh "experiments_exclude_updated.json" "../preprocessed/allen_template_inputs/oh_connectome_rgn_numbers_ccfv3.txt"	2026-01-23 20:49:54,359 allensdk.api.api.retrieve_file_over_http INFO     Downloading URL: http://api.brain-map.org/grid_data/download_file/100141596?image=injection_density&resolution=100
./rebuild_oh_connectome.sh "experiments_exclude_updated.json" "../preprocessed/allen_template_inputs/oh_connectome_rgn_numbers_ccfv3.txt"	INFO:allensdk.api.api.retrieve_file_over_http:Downloading URL: http://api.brain-map.org/grid_data/download_file/100141596?image=injection_density&resolution=100
./rebuild_oh_connectome.sh "experiments_exclude_updated.json" "../preprocessed/allen_template_inputs/oh_connectome_rgn_numbers_ccfv3.txt"	DEBUG:urllib3.connectionpool:Starting new HTTP connection (1): api.brain-map.org:80
./rebuild_oh_connectome.sh "experiments_exclude_updated.json" "../preprocessed/allen_template_inputs/oh_connectome_rgn_numbers_ccfv3.txt"	DEBUG:urllib3.connectionpool:http://api.brain-map.org:80 "GET /grid_data/download_file/100141596?image=injection_density&resolution=100 HTTP/1.1" 200 7460
./rebuild_oh_connectome.sh "experiments_exclude_updated.json" "../preprocessed/allen_template_inputs/oh_connectome_rgn_numbers_ccfv3.txt"	2026-01-23 20:49:54,568 allensdk.api.api.retrieve_file_over_http INFO     Downloading URL: http://api.brain-map.org/grid_data/download_file/100141596?image=injection_fraction&resolution=100
./rebuild_oh_connectome.sh "experiments_exclude_updated.json" "../preprocessed/allen_template_inputs/oh_connectome_rgn_numbers_ccfv3.txt"	INFO:allensdk.api.api.retrieve_file_over_http:Downloading URL: http://api.brain-map.org/grid_data/download_file/100141596?image=injection_fraction&resolution=100
./rebuild_oh_connectome.sh "experiments_exclude_updated.json" "../preprocessed/allen_template_inputs/oh_connectome_rgn_numbers_ccfv3.txt"	DEBUG:urllib3.connectionpool:Starting new HTTP connection (1): api.brain-map.org:80
./rebuild_oh_connectome.sh "experiments_exclude_updated.json" "../preprocessed/allen_template_inputs/oh_connectome_rgn_numbers_ccfv3.txt"	DEBUG:urllib3.connectionpool:http://api.brain-map.org:80 "GET /grid_data/download_file/100141596?image=injection_fraction&resolution=100 HTTP/1.1" 200 7463
./rebuild_oh_connectome.sh "experiments_exclude_updated.json" "../preprocessed/allen_template_inputs/oh_connectome_rgn_numbers_ccfv3.txt"	2026-01-23 20:49:54,973 allensdk.api.api.retrieve_file_over_http INFO     Downloading URL: http://api.brain-map.org/grid_data/download_file/100141596?image=projection_density&resolution=100
./rebuild_oh_connectome.sh "experiments_exclude_updated.json" "../preprocessed/allen_template_inputs/oh_connectome_rgn_numbers_ccfv3.txt"	INFO:allensdk.api.api.retrieve_file_over_http:Downloading URL: http://api.brain-map.org/grid_data/download_file/100141596?image=projection_density&resolution=100
./rebuild_oh_connectome.sh "experiments_exclude_updated.json" "../preprocessed/allen_template_inputs/oh_connectome_rgn_numbers_ccfv3.txt"	DEBUG:urllib3.connectionpool:Starting new HTTP connection (1): api.brain-map.org:80
./rebuild_oh_connectome.sh "experiments_exclude_updated.json" "../preprocessed/allen_template_inputs/oh_connectome_rgn_numbers_ccfv3.txt"	DEBUG:urllib3.connectionpool:http://api.brain-map.org:80 "GET /grid_data/download_file/100141596?image=projection_density&resolution=100 HTTP/1.1" 200 548941
./rebuild_oh_connectome.sh "experiments_exclude_updated.json" "../preprocessed/allen_template_inputs/oh_connectome_rgn_numbers_ccfv3.txt"	2026-01-23 20:49:57,040 allensdk.api.api.retrieve_file_over_http INFO     Downloading URL: http://api.brain-map.org/grid_data/download_file/100141597?image=data_mask&resolution=100
./rebuild_oh_connectome.sh "experiments_exclude_updated.json" "../preprocessed/allen_template_inputs/oh_connectome_rgn_numbers_ccfv3.txt"	INFO:allensdk.api.api.retrieve_file_over_http:Downloading URL: http://api.brain-map.org/grid_data/download_file/100141597?image=data_mask&resolution=100
./rebuild_oh_connectome.sh "experiments_exclude_updated.json" "../preprocessed/allen_template_inputs/oh_connectome_rgn_numbers_ccfv3.txt"	DEBUG:urllib3.connectionpool:Starting new HTTP connection (1): api.brain-map.org:80
./rebuild_oh_connectome.sh "experiments_exclude_updated.json" "../preprocessed/allen_template_inputs/oh_connectome_rgn_numbers_ccfv3.txt"	DEBUG:urllib3.connectionpool:http://api.brain-map.org:80 "GET /grid_data/download_file/100141597?image=data_mask&resolution=100 HTTP/1.1" 200 82256
./rebuild_oh_connectome.sh "experiments_exclude_updated.json" "../preprocessed/allen_template_inputs/oh_connectome_rgn_numbers_ccfv3.txt"	2026-01-23 20:49:57,612 allensdk.api.api.retrieve_file_over_http INFO     Downloading URL: http://api.brain-map.org/grid_data/download_file/100141597?image=injection_density&resolution=100
./rebuild_oh_connectome.sh "experiments_exclude_updated.json" "../preprocessed/allen_template_inputs/oh_connectome_rgn_numbers_ccfv3.txt"	INFO:allensdk.api.api.retrieve_file_over_http:Downloading URL: http://api.brain-map.org/grid_data/download_file/100141597?image=injection_density&resolution=100
./rebuild_oh_connectome.sh "experiments_exclude_updated.json" "../preprocessed/allen_template_inputs/oh_connectome_rgn_numbers_ccfv3.txt"	DEBUG:urllib3.connectionpool:Starting new HTTP connection (1): api.brain-map.org:80
./rebuild_oh_connectome.sh "experiments_exclude_updated.json" "../preprocessed/allen_template_inputs/oh_connectome_rgn_numbers_ccfv3.txt"	DEBUG:urllib3.connectionpool:http://api.brain-map.org:80 "GET /grid_data/download_file/100141597?image=injection_density&resolution=100 HTTP/1.1" 200 8202
./rebuild_oh_connectome.sh "experiments_exclude_updated.json" "../preprocessed/allen_template_inputs/oh_connectome_rgn_numbers_ccfv3.txt"	2026-01-23 20:49:57,818 allensdk.api.api.retrieve_file_over_http INFO     Downloading URL: http://api.brain-map.org/grid_data/download_file/100141597?image=injection_fraction&resolution=100
./rebuild_oh_connectome.sh "experiments_exclude_updated.json" "../preprocessed/allen_template_inputs/oh_connectome_rgn_numbers_ccfv3.txt"	INFO:allensdk.api.api.retrieve_file_over_http:Downloading URL: http://api.brain-map.org/grid_data/download_file/100141597?image=injection_fraction&resolution=100
./rebuild_oh_connectome.sh "experiments_exclude_updated.json" "../preprocessed/allen_template_inputs/oh_connectome_rgn_numbers_ccfv3.txt"	DEBUG:urllib3.connectionpool:Starting new HTTP connection (1): api.brain-map.org:80
./rebuild_oh_connectome.sh "experiments_exclude_updated.json" "../preprocessed/allen_template_inputs/oh_connectome_rgn_numbers_ccfv3.txt"	DEBUG:urllib3.connectionpool:http://api.brain-map.org:80 "GET /grid_data/download_file/100141597?image=injection_fraction&resolution=100 HTTP/1.1" 200 8182
./rebuild_oh_connectome.sh "experiments_exclude_updated.json" "../preprocessed/allen_template_inputs/oh_connectome_rgn_numbers_ccfv3.txt"	2026-01-23 20:49:58,101 allensdk.api.api.retrieve_file_over_http INFO     Downloading URL: http://api.brain-map.org/grid_data/download_file/100141597?image=projection_density&resolution=100
./rebuild_oh_connectome.sh "experiments_exclude_updated.json" "../preprocessed/allen_template_inputs/oh_connectome_rgn_numbers_ccfv3.txt"	INFO:allensdk.api.api.retrieve_file_over_http:Downloading URL: http://api.brain-map.org/grid_data/download_file/100141597?image=projection_density&resolution=100
./rebuild_oh_connectome.sh "experiments_exclude_updated.json" "../preprocessed/allen_template_inputs/oh_connectome_rgn_numbers_ccfv3.txt"	DEBUG:urllib3.connectionpool:Starting new HTTP connection (1): api.brain-map.org:80
./rebuild_oh_connectome.sh "experiments_exclude_updated.json" "../preprocessed/allen_template_inputs/oh_connectome_rgn_numbers_ccfv3.txt"	DEBUG:urllib3.connectionpool:http://api.brain-map.org:80 "GET /grid_data/download_file/100141597?image=projection_density&resolution=100 HTTP/1.1" 200 681656
./rebuild_oh_connectome.sh "experiments_exclude_updated.json" "../preprocessed/allen_template_inputs/oh_connectome_rgn_numbers_ccfv3.txt"	2026-01-23 20:50:00,191 allensdk.api.api.retrieve_file_over_http INFO     Downloading URL: http://api.brain-map.org/grid_data/download_file/100141598?image=data_mask&resolution=100
./rebuild_oh_connectome.sh "experiments_exclude_updated.json" "../preprocessed/allen_template_inputs/oh_connectome_rgn_numbers_ccfv3.txt"	INFO:allensdk.api.api.retrieve_file_over_http:Downloading URL: http://api.brain-map.org/grid_data/download_file/100141598?image=data_mask&resolution=100
./rebuild_oh_connectome.sh "experiments_exclude_updated.json" "../preprocessed/allen_template_inputs/oh_connectome_rgn_numbers_ccfv3.txt"	DEBUG:urllib3.connectionpool:Starting new HTTP connection (1): api.brain-map.org:80
./rebuild_oh_connectome.sh "experiments_exclude_updated.json" "../preprocessed/allen_template_inputs/oh_connectome_rgn_numbers_ccfv3.txt"	DEBUG:urllib3.connectionpool:http://api.brain-map.org:80 "GET /grid_data/download_file/100141598?image=data_mask&resolution=100 HTTP/1.1" 200 92477
./rebuild_oh_connectome.sh "experiments_exclude_updated.json" "../preprocessed/allen_template_inputs/oh_connectome_rgn_numbers_ccfv3.txt"	2026-01-23 20:50:00,815 allensdk.api.api.retrieve_file_over_http INFO     Downloading URL: http://api.brain-map.org/grid_data/download_file/100141598?image=injection_density&resolution=100
./rebuild_oh_connectome.sh "experiments_exclude_updated.json" "../preprocessed/allen_template_inputs/oh_connectome_rgn_numbers_ccfv3.txt"	INFO:allensdk.api.api.retrieve_file_over_http:Downloading URL: http://api.brain-map.org/grid_data/download_file/100141598?image=injection_density&resolution=100
./rebuild_oh_connectome.sh "experiments_exclude_updated.json" "../preprocessed/allen_template_inputs/oh_connectome_rgn_numbers_ccfv3.txt"	DEBUG:urllib3.connectionpool:Starting new HTTP connection (1): api.brain-map.org:80
./rebuild_oh_connectome.sh "experiments_exclude_updated.json" "../preprocessed/allen_template_inputs/oh_connectome_rgn_numbers_ccfv3.txt"	DEBUG:urllib3.connectionpool:http://api.brain-map.org:80 "GET /grid_data/download_file/100141598?image=injection_density&resolution=100 HTTP/1.1" 200 5956
./rebuild_oh_connectome.sh "experiments_exclude_updated.json" "../preprocessed/allen_template_inputs/oh_connectome_rgn_numbers_ccfv3.txt"	2026-01-23 20:50:01,017 allensdk.api.api.retrieve_file_over_http INFO     Downloading URL: http://api.brain-map.org/grid_data/download_file/100141598?image=injection_fraction&resolution=100
./rebuild_oh_connectome.sh "experiments_exclude_updated.json" "../preprocessed/allen_template_inputs/oh_connectome_rgn_numbers_ccfv3.txt"	INFO:allensdk.api.api.retrieve_file_over_http:Downloading URL: http://api.brain-map.org/grid_data/download_file/100141598?image=injection_fraction&resolution=100
./rebuild_oh_connectome.sh "experiments_exclude_updated.json" "../preprocessed/allen_template_inputs/oh_connectome_rgn_numbers_ccfv3.txt"	DEBUG:urllib3.connectionpool:Starting new HTTP connection (1): api.brain-map.org:80
./rebuild_oh_connectome.sh "experiments_exclude_updated.json" "../preprocessed/allen_template_inputs/oh_connectome_rgn_numbers_ccfv3.txt"	DEBUG:urllib3.connectionpool:http://api.brain-map.org:80 "GET /grid_data/download_file/100141598?image=injection_fraction&resolution=100 HTTP/1.1" 200 5957
./rebuild_oh_connectome.sh "experiments_exclude_updated.json" "../preprocessed/allen_template_inputs/oh_connectome_rgn_numbers_ccfv3.txt"	2026-01-23 20:50:01,319 allensdk.api.api.retrieve_file_over_http INFO     Downloading URL: http://api.brain-map.org/grid_data/download_file/100141598?image=projection_density&resolution=100
./rebuild_oh_connectome.sh "experiments_exclude_updated.json" "../preprocessed/allen_template_inputs/oh_connectome_rgn_numbers_ccfv3.txt"	INFO:allensdk.api.api.retrieve_file_over_http:Downloading URL: http://api.brain-map.org/grid_data/download_file/100141598?image=projection_density&resolution=100
./rebuild_oh_connectome.sh "experiments_exclude_updated.json" "../preprocessed/allen_template_inputs/oh_connectome_rgn_numbers_ccfv3.txt"	DEBUG:urllib3.connectionpool:Starting new HTTP connection (1): api.brain-map.org:80
./rebuild_oh_connectome.sh "experiments_exclude_updated.json" "../preprocessed/allen_template_inputs/oh_connectome_rgn_numbers_ccfv3.txt"	DEBUG:urllib3.connectionpool:http://api.brain-map.org:80 "GET /grid_data/download_file/100141598?image=projection_density&resolution=100 HTTP/1.1" 200 93341
./rebuild_oh_connectome.sh "experiments_exclude_updated.json" "../preprocessed/allen_template_inputs/oh_connectome_rgn_numbers_ccfv3.txt"	2026-01-23 20:50:02,849 allensdk.api.api.retrieve_file_over_http INFO     Downloading URL: http://api.brain-map.org/grid_data/download_file/127711803?image=data_mask&resolution=100
./rebuild_oh_connectome.sh "experiments_exclude_updated.json" "../preprocessed/allen_template_inputs/oh_connectome_rgn_numbers_ccfv3.txt"	INFO:allensdk.api.api.retrieve_file_over_http:Downloading URL: http://api.brain-map.org/grid_data/download_file/127711803?image=data_mask&resolution=100
./rebuild_oh_connectome.sh "experiments_exclude_updated.json" "../preprocessed/allen_template_inputs/oh_connectome_rgn_numbers_ccfv3.txt"	DEBUG:urllib3.connectionpool:Starting new HTTP connection (1): api.brain-map.org:80
./rebuild_oh_connectome.sh "experiments_exclude_updated.json" "../preprocessed/allen_template_inputs/oh_connectome_rgn_numbers_ccfv3.txt"	DEBUG:urllib3.connectionpool:http://api.brain-map.org:80 "GET /grid_data/download_file/127711803?image=data_mask&resolution=100 HTTP/1.1" 200 33919
./rebuild_oh_connectome.sh "experiments_exclude_updated.json" "../preprocessed/allen_template_inputs/oh_connectome_rgn_numbers_ccfv3.txt"	2026-01-23 20:50:03,602 allensdk.api.api.retrieve_file_over_http INFO     Downloading URL: http://api.brain-map.org/grid_data/download_file/127711803?image=injection_density&resolution=100
./rebuild_oh_connectome.sh "experiments_exclude_updated.json" "../preprocessed/allen_template_inputs/oh_connectome_rgn_numbers_ccfv3.txt"	INFO:allensdk.api.api.retrieve_file_over_http:Downloading URL: http://api.brain-map.org/grid_data/download_file/127711803?image=injection_density&resolution=100
./rebuild_oh_connectome.sh "experiments_exclude_updated.json" "../preprocessed/allen_template_inputs/oh_connectome_rgn_numbers_ccfv3.txt"	DEBUG:urllib3.connectionpool:Starting new HTTP connection (1): api.brain-map.org:80
./rebuild_oh_connectome.sh "experiments_exclude_updated.json" "../preprocessed/allen_template_inputs/oh_connectome_rgn_numbers_ccfv3.txt"	DEBUG:urllib3.connectionpool:http://api.brain-map.org:80 "GET /grid_data/download_file/127711803?image=injection_density&resolution=100 HTTP/1.1" 200 6318
./rebuild_oh_connectome.sh "experiments_exclude_updated.json" "../preprocessed/allen_template_inputs/oh_connectome_rgn_numbers_ccfv3.txt"	2026-01-23 20:50:03,962 allensdk.api.api.retrieve_file_over_http INFO     Downloading URL: http://api.brain-map.org/grid_data/download_file/127711803?image=injection_fraction&resolution=100
./rebuild_oh_connectome.sh "experiments_exclude_updated.json" "../preprocessed/allen_template_inputs/oh_connectome_rgn_numbers_ccfv3.txt"	INFO:allensdk.api.api.retrieve_file_over_http:Downloading URL: http://api.brain-map.org/grid_data/download_file/127711803?image=injection_fraction&resolution=100
./rebuild_oh_connectome.sh "experiments_exclude_updated.json" "../preprocessed/allen_template_inputs/oh_connectome_rgn_numbers_ccfv3.txt"	DEBUG:urllib3.connectionpool:Starting new HTTP connection (1): api.brain-map.org:80
./rebuild_oh_connectome.sh "experiments_exclude_updated.json" "../preprocessed/allen_template_inputs/oh_connectome_rgn_numbers_ccfv3.txt"	DEBUG:urllib3.connectionpool:http://api.brain-map.org:80 "GET /grid_data/download_file/127711803?image=injection_fraction&resolution=100 HTTP/1.1" 200 6322
./rebuild_oh_connectome.sh "experiments_exclude_updated.json" "../preprocessed/allen_template_inputs/oh_connectome_rgn_numbers_ccfv3.txt"	2026-01-23 20:50:04,329 allensdk.api.api.retrieve_file_over_http INFO     Downloading URL: http://api.brain-map.org/grid_data/download_file/127711803?image=projection_density&resolution=100
./rebuild_oh_connectome.sh "experiments_exclude_updated.json" "../preprocessed/allen_template_inputs/oh_connectome_rgn_numbers_ccfv3.txt"	INFO:allensdk.api.api.retrieve_file_over_http:Downloading URL: http://api.brain-map.org/grid_data/download_file/127711803?image=projection_density&resolution=100
./rebuild_oh_connectome.sh "experiments_exclude_updated.json" "../preprocessed/allen_template_inputs/oh_connectome_rgn_numbers_ccfv3.txt"	DEBUG:urllib3.connectionpool:Starting new HTTP connection (1): api.brain-map.org:80
./rebuild_oh_connectome.sh "experiments_exclude_updated.json" "../preprocessed/allen_template_inputs/oh_connectome_rgn_numbers_ccfv3.txt"	DEBUG:urllib3.connectionpool:http://api.brain-map.org:80 "GET /grid_data/download_file/127711803?image=projection_density&resolution=100 HTTP/1.1" 200 476968
./rebuild_oh_connectome.sh "experiments_exclude_updated.json" "../preprocessed/allen_template_inputs/oh_connectome_rgn_numbers_ccfv3.txt"	2026-01-23 20:50:13,969 allensdk.api.api.retrieve_file_over_http INFO     Downloading URL: http://api.brain-map.org/grid_data/download_file/268415561?image=data_mask&resolution=100
./rebuild_oh_connectome.sh "experiments_exclude_updated.json" "../preprocessed/allen_template_inputs/oh_connectome_rgn_numbers_ccfv3.txt"	INFO:allensdk.api.api.retrieve_file_over_http:Downloading URL: http://api.brain-map.org/grid_data/download_file/268415561?image=data_mask&resolution=100
./rebuild_oh_connectome.sh "experiments_exclude_updated.json" "../preprocessed/allen_template_inputs/oh_connectome_rgn_numbers_ccfv3.txt"	DEBUG:urllib3.connectionpool:Starting new HTTP connection (1): api.brain-map.org:80
./rebuild_oh_connectome.sh "experiments_exclude_updated.json" "../preprocessed/allen_template_inputs/oh_connectome_rgn_numbers_ccfv3.txt"	DEBUG:urllib3.connectionpool:http://api.brain-map.org:80 "GET /grid_data/download_file/268415561?image=data_mask&resolution=100 HTTP/1.1" 200 87280
./rebuild_oh_connectome.sh "experiments_exclude_updated.json" "../preprocessed/allen_template_inputs/oh_connectome_rgn_numbers_ccfv3.txt"	2026-01-23 20:50:15,662 allensdk.api.api.retrieve_file_over_http INFO     Downloading URL: http://api.brain-map.org/grid_data/download_file/268415561?image=injection_density&resolution=100
./rebuild_oh_connectome.sh "experiments_exclude_updated.json" "../preprocessed/allen_template_inputs/oh_connectome_rgn_numbers_ccfv3.txt"	INFO:allensdk.api.api.retrieve_file_over_http:Downloading URL: http://api.brain-map.org/grid_data/download_file/268415561?image=injection_density&resolution=100
./rebuild_oh_connectome.sh "experiments_exclude_updated.json" "../preprocessed/allen_template_inputs/oh_connectome_rgn_numbers_ccfv3.txt"	DEBUG:urllib3.connectionpool:Starting new HTTP connection (1): api.brain-map.org:80
./rebuild_oh_connectome.sh "experiments_exclude_updated.json" "../preprocessed/allen_template_inputs/oh_connectome_rgn_numbers_ccfv3.txt"	DEBUG:urllib3.connectionpool:http://api.brain-map.org:80 "GET /grid_data/download_file/268415561?image=injection_density&resolution=100 HTTP/1.1" 200 11974
./rebuild_oh_connectome.sh "experiments_exclude_updated.json" "../preprocessed/allen_template_inputs/oh_connectome_rgn_numbers_ccfv3.txt"	2026-01-23 20:50:16,020 allensdk.api.api.retrieve_file_over_http INFO     Downloading URL: http://api.brain-map.org/grid_data/download_file/268415561?image=injection_fraction&resolution=100
./rebuild_oh_connectome.sh "experiments_exclude_updated.json" "../preprocessed/allen_template_inputs/oh_connectome_rgn_numbers_ccfv3.txt"	INFO:allensdk.api.api.retrieve_file_over_http:Downloading URL: http://api.brain-map.org/grid_data/download_file/268415561?image=injection_fraction&resolution=100
./rebuild_oh_connectome.sh "experiments_exclude_updated.json" "../preprocessed/allen_template_inputs/oh_connectome_rgn_numbers_ccfv3.txt"	DEBUG:urllib3.connectionpool:Starting new HTTP connection (1): api.brain-map.org:80
./rebuild_oh_connectome.sh "experiments_exclude_updated.json" "../preprocessed/allen_template_inputs/oh_connectome_rgn_numbers_ccfv3.txt"	DEBUG:urllib3.connectionpool:http://api.brain-map.org:80 "GET /grid_data/download_file/268415561?image=injection_fraction&resolution=100 HTTP/1.1" 200 11221
./rebuild_oh_connectome.sh "experiments_exclude_updated.json" "../preprocessed/allen_template_inputs/oh_connectome_rgn_numbers_ccfv3.txt"	2026-01-23 20:50:16,442 allensdk.api.api.retrieve_file_over_http INFO     Downloading URL: http://api.brain-map.org/grid_data/download_file/268415561?image=projection_density&resolution=100
./rebuild_oh_connectome.sh "experiments_exclude_updated.json" "../preprocessed/allen_template_inputs/oh_connectome_rgn_numbers_ccfv3.txt"	INFO:allensdk.api.api.retrieve_file_over_http:Downloading URL: http://api.brain-map.org/grid_data/download_file/268415561?image=projection_density&resolution=100
./rebuild_oh_connectome.sh "experiments_exclude_updated.json" "../preprocessed/allen_template_inputs/oh_connectome_rgn_numbers_ccfv3.txt"	DEBUG:urllib3.connectionpool:Starting new HTTP connection (1): api.brain-map.org:80
./rebuild_oh_connectome.sh "experiments_exclude_updated.json" "../preprocessed/allen_template_inputs/oh_connectome_rgn_numbers_ccfv3.txt"	DEBUG:urllib3.connectionpool:http://api.brain-map.org:80 "GET /grid_data/download_file/268415561?image=projection_density&resolution=100 HTTP/1.1" 200 528715
./rebuild_oh_connectome.sh "experiments_exclude_updated.json" "../preprocessed/allen_template_inputs/oh_connectome_rgn_numbers_ccfv3.txt"	2026-01-23 20:50:26,873 allensdk.api.api.retrieve_file_over_http INFO     Downloading URL: http://api.brain-map.org/grid_data/download_file/100147785?image=data_mask&resolution=100
./rebuild_oh_connectome.sh "experiments_exclude_updated.json" "../preprocessed/allen_template_inputs/oh_connectome_rgn_numbers_ccfv3.txt"	INFO:allensdk.api.api.retrieve_file_over_http:Downloading URL: http://api.brain-map.org/grid_data/download_file/100147785?image=data_mask&resolution=100
./rebuild_oh_connectome.sh "experiments_exclude_updated.json" "../preprocessed/allen_template_inputs/oh_connectome_rgn_numbers_ccfv3.txt"	DEBUG:urllib3.connectionpool:Starting new HTTP connection (1): api.brain-map.org:80
./rebuild_oh_connectome.sh "experiments_exclude_updated.json" "../preprocessed/allen_template_inputs/oh_connectome_rgn_numbers_ccfv3.txt"	DEBUG:urllib3.connectionpool:http://api.brain-map.org:80 "GET /grid_data/download_file/100147785?image=data_mask&resolution=100 HTTP/1.1" 200 74629
./rebuild_oh_connectome.sh "experiments_exclude_updated.json" "../preprocessed/allen_template_inputs/oh_connectome_rgn_numbers_ccfv3.txt"	2026-01-23 20:50:27,642 allensdk.api.api.retrieve_file_over_http INFO     Downloading URL: http://api.brain-map.org/grid_data/download_file/100147785?image=injection_density&resolution=100
./rebuild_oh_connectome.sh "experiments_exclude_updated.json" "../preprocessed/allen_template_inputs/oh_connectome_rgn_numbers_ccfv3.txt"	INFO:allensdk.api.api.retrieve_file_over_http:Downloading URL: http://api.brain-map.org/grid_data/download_file/100147785?image=injection_density&resolution=100
./rebuild_oh_connectome.sh "experiments_exclude_updated.json" "../preprocessed/allen_template_inputs/oh_connectome_rgn_numbers_ccfv3.txt"	DEBUG:urllib3.connectionpool:Starting new HTTP connection (1): api.brain-map.org:80
./rebuild_oh_connectome.sh "experiments_exclude_updated.json" "../preprocessed/allen_template_inputs/oh_connectome_rgn_numbers_ccfv3.txt"	DEBUG:urllib3.connectionpool:http://api.brain-map.org:80 "GET /grid_data/download_file/100147785?image=injection_density&resolution=100 HTTP/1.1" 200 8146
./rebuild_oh_connectome.sh "experiments_exclude_updated.json" "../preprocessed/allen_template_inputs/oh_connectome_rgn_numbers_ccfv3.txt"	2026-01-23 20:50:28,071 allensdk.api.api.retrieve_file_over_http INFO     Downloading URL: http://api.brain-map.org/grid_data/download_file/100147785?image=injection_fraction&resolution=100
./rebuild_oh_connectome.sh "experiments_exclude_updated.json" "../preprocessed/allen_template_inputs/oh_connectome_rgn_numbers_ccfv3.txt"	INFO:allensdk.api.api.retrieve_file_over_http:Downloading URL: http://api.brain-map.org/grid_data/download_file/100147785?image=injection_fraction&resolution=100
./rebuild_oh_connectome.sh "experiments_exclude_updated.json" "../preprocessed/allen_template_inputs/oh_connectome_rgn_numbers_ccfv3.txt"	DEBUG:urllib3.connectionpool:Starting new HTTP connection (1): api.brain-map.org:80
./rebuild_oh_connectome.sh "experiments_exclude_updated.json" "../preprocessed/allen_template_inputs/oh_connectome_rgn_numbers_ccfv3.txt"	DEBUG:urllib3.connectionpool:http://api.brain-map.org:80 "GET /grid_data/download_file/100147785?image=injection_fraction&resolution=100 HTTP/1.1" 200 8136
./rebuild_oh_connectome.sh "experiments_exclude_updated.json" "../preprocessed/allen_template_inputs/oh_connectome_rgn_numbers_ccfv3.txt"	2026-01-23 20:50:28,675 allensdk.api.api.retrieve_file_over_http INFO     Downloading URL: http://api.brain-map.org/grid_data/download_file/100147785?image=projection_density&resolution=100
./rebuild_oh_connectome.sh "experiments_exclude_updated.json" "../preprocessed/allen_template_inputs/oh_connectome_rgn_numbers_ccfv3.txt"	INFO:allensdk.api.api.retrieve_file_over_http:Downloading URL: http://api.brain-map.org/grid_data/download_file/100147785?image=projection_density&resolution=100
./rebuild_oh_connectome.sh "experiments_exclude_updated.json" "../preprocessed/allen_template_inputs/oh_connectome_rgn_numbers_ccfv3.txt"	DEBUG:urllib3.connectionpool:Starting new HTTP connection (1): api.brain-map.org:80
./rebuild_oh_connectome.sh "experiments_exclude_updated.json" "../preprocessed/allen_template_inputs/oh_connectome_rgn_numbers_ccfv3.txt"	DEBUG:urllib3.connectionpool:http://api.brain-map.org:80 "GET /grid_data/download_file/100147785?image=projection_density&resolution=100 HTTP/1.1" 200 440043
./rebuild_oh_connectome.sh "experiments_exclude_updated.json" "../preprocessed/allen_template_inputs/oh_connectome_rgn_numbers_ccfv3.txt"	2026-01-23 20:50:35,254 allensdk.api.api.retrieve_file_over_http INFO     Downloading URL: http://api.brain-map.org/grid_data/download_file/138058320?image=data_mask&resolution=100
./rebuild_oh_connectome.sh "experiments_exclude_updated.json" "../preprocessed/allen_template_inputs/oh_connectome_rgn_numbers_ccfv3.txt"	INFO:allensdk.api.api.retrieve_file_over_http:Downloading URL: http://api.brain-map.org/grid_data/download_file/138058320?image=data_mask&resolution=100
./rebuild_oh_connectome.sh "experiments_exclude_updated.json" "../preprocessed/allen_template_inputs/oh_connectome_rgn_numbers_ccfv3.txt"	DEBUG:urllib3.connectionpool:Starting new HTTP connection (1): api.brain-map.org:80
./rebuild_oh_connectome.sh "experiments_exclude_updated.json" "../preprocessed/allen_template_inputs/oh_connectome_rgn_numbers_ccfv3.txt"	DEBUG:urllib3.connectionpool:http://api.brain-map.org:80 "GET /grid_data/download_file/138058320?image=data_mask&resolution=100 HTTP/1.1" 200 96359
./rebuild_oh_connectome.sh "experiments_exclude_updated.json" "../preprocessed/allen_template_inputs/oh_connectome_rgn_numbers_ccfv3.txt"	2026-01-23 20:50:37,008 allensdk.api.api.retrieve_file_over_http INFO     Downloading URL: http://api.brain-map.org/grid_data/download_file/138058320?image=injection_density&resolution=100
./rebuild_oh_connectome.sh "experiments_exclude_updated.json" "../preprocessed/allen_template_inputs/oh_connectome_rgn_numbers_ccfv3.txt"	INFO:allensdk.api.api.retrieve_file_over_http:Downloading URL: http://api.brain-map.org/grid_data/download_file/138058320?image=injection_density&resolution=100
./rebuild_oh_connectome.sh "experiments_exclude_updated.json" "../preprocessed/allen_template_inputs/oh_connectome_rgn_numbers_ccfv3.txt"	DEBUG:urllib3.connectionpool:Starting new HTTP connection (1): api.brain-map.org:80
./rebuild_oh_connectome.sh "experiments_exclude_updated.json" "../preprocessed/allen_template_inputs/oh_connectome_rgn_numbers_ccfv3.txt"	DEBUG:urllib3.connectionpool:http://api.brain-map.org:80 "GET /grid_data/download_file/138058320?image=injection_density&resolution=100 HTTP/1.1" 200 9204
./rebuild_oh_connectome.sh "experiments_exclude_updated.json" "../preprocessed/allen_template_inputs/oh_connectome_rgn_numbers_ccfv3.txt"	2026-01-23 20:50:38,664 allensdk.api.api.retrieve_file_over_http INFO     Downloading URL: http://api.brain-map.org/grid_data/download_file/138058320?image=injection_fraction&resolution=100
./rebuild_oh_connectome.sh "experiments_exclude_updated.json" "../preprocessed/allen_template_inputs/oh_connectome_rgn_numbers_ccfv3.txt"	INFO:allensdk.api.api.retrieve_file_over_http:Downloading URL: http://api.brain-map.org/grid_data/download_file/138058320?image=injection_fraction&resolution=100
./rebuild_oh_connectome.sh "experiments_exclude_updated.json" "../preprocessed/allen_template_inputs/oh_connectome_rgn_numbers_ccfv3.txt"	DEBUG:urllib3.connectionpool:Starting new HTTP connection (1): api.brain-map.org:80
./rebuild_oh_connectome.sh "experiments_exclude_updated.json" "../preprocessed/allen_template_inputs/oh_connectome_rgn_numbers_ccfv3.txt"	DEBUG:urllib3.connectionpool:http://api.brain-map.org:80 "GET /grid_data/download_file/138058320?image=injection_fraction&resolution=100 HTTP/1.1" 200 9050
./rebuild_oh_connectome.sh "experiments_exclude_updated.json" "../preprocessed/allen_template_inputs/oh_connectome_rgn_numbers_ccfv3.txt"	2026-01-23 20:50:38,936 allensdk.api.api.retrieve_file_over_http INFO     Downloading URL: http://api.brain-map.org/grid_data/download_file/138058320?image=projection_density&resolution=100
./rebuild_oh_connectome.sh "experiments_exclude_updated.json" "../preprocessed/allen_template_inputs/oh_connectome_rgn_numbers_ccfv3.txt"	INFO:allensdk.api.api.retrieve_file_over_http:Downloading URL: http://api.brain-map.org/grid_data/download_file/138058320?image=projection_density&resolution=100
./rebuild_oh_connectome.sh "experiments_exclude_updated.json" "../preprocessed/allen_template_inputs/oh_connectome_rgn_numbers_ccfv3.txt"	DEBUG:urllib3.connectionpool:Starting new HTTP connection (1): api.brain-map.org:80
./rebuild_oh_connectome.sh "experiments_exclude_updated.json" "../preprocessed/allen_template_inputs/oh_connectome_rgn_numbers_ccfv3.txt"	DEBUG:urllib3.connectionpool:http://api.brain-map.org:80 "GET /grid_data/download_file/138058320?image=projection_density&resolution=100 HTTP/1.1" 200 670327
./rebuild_oh_connectome.sh "experiments_exclude_updated.json" "../preprocessed/allen_template_inputs/oh_connectome_rgn_numbers_ccfv3.txt"	2026-01-23 20:50:47,249 allensdk.api.api.retrieve_file_over_http INFO     Downloading URL: http://api.brain-map.org/grid_data/download_file/174781014?image=data_mask&resolution=100
./rebuild_oh_connectome.sh "experiments_exclude_updated.json" "../preprocessed/allen_template_inputs/oh_connectome_rgn_numbers_ccfv3.txt"	INFO:allensdk.api.api.retrieve_file_over_http:Downloading URL: http://api.brain-map.org/grid_data/download_file/174781014?image=data_mask&resolution=100
./rebuild_oh_connectome.sh "experiments_exclude_updated.json" "../preprocessed/allen_template_inputs/oh_connectome_rgn_numbers_ccfv3.txt"	DEBUG:urllib3.connectionpool:Starting new HTTP connection (1): api.brain-map.org:80
./rebuild_oh_connectome.sh "experiments_exclude_updated.json" "../preprocessed/allen_template_inputs/oh_connectome_rgn_numbers_ccfv3.txt"	DEBUG:urllib3.connectionpool:http://api.brain-map.org:80 "GET /grid_data/download_file/174781014?image=data_mask&resolution=100 HTTP/1.1" 200 71422
./rebuild_oh_connectome.sh "experiments_exclude_updated.json" "../preprocessed/allen_template_inputs/oh_connectome_rgn_numbers_ccfv3.txt"	2026-01-23 20:50:48,149 allensdk.api.api.retrieve_file_over_http INFO     Downloading URL: http://api.brain-map.org/grid_data/download_file/174781014?image=injection_density&resolution=100
./rebuild_oh_connectome.sh "experiments_exclude_updated.json" "../preprocessed/allen_template_inputs/oh_connectome_rgn_numbers_ccfv3.txt"	INFO:allensdk.api.api.retrieve_file_over_http:Downloading URL: http://api.brain-map.org/grid_data/download_file/174781014?image=injection_density&resolution=100
./rebuild_oh_connectome.sh "experiments_exclude_updated.json" "../preprocessed/allen_template_inputs/oh_connectome_rgn_numbers_ccfv3.txt"	DEBUG:urllib3.connectionpool:Starting new HTTP connection (1): api.brain-map.org:80
./rebuild_oh_connectome.sh "experiments_exclude_updated.json" "../preprocessed/allen_template_inputs/oh_connectome_rgn_numbers_ccfv3.txt"	DEBUG:urllib3.connectionpool:http://api.brain-map.org:80 "GET /grid_data/download_file/174781014?image=injection_density&resolution=100 HTTP/1.1" 200 7487
./rebuild_oh_connectome.sh "experiments_exclude_updated.json" "../preprocessed/allen_template_inputs/oh_connectome_rgn_numbers_ccfv3.txt"	2026-01-23 20:50:48,369 allensdk.api.api.retrieve_file_over_http INFO     Downloading URL: http://api.brain-map.org/grid_data/download_file/174781014?image=injection_fraction&resolution=100
./rebuild_oh_connectome.sh "experiments_exclude_updated.json" "../preprocessed/allen_template_inputs/oh_connectome_rgn_numbers_ccfv3.txt"	INFO:allensdk.api.api.retrieve_file_over_http:Downloading URL: http://api.brain-map.org/grid_data/download_file/174781014?image=injection_fraction&resolution=100
./rebuild_oh_connectome.sh "experiments_exclude_updated.json" "../preprocessed/allen_template_inputs/oh_connectome_rgn_numbers_ccfv3.txt"	DEBUG:urllib3.connectionpool:Starting new HTTP connection (1): api.brain-map.org:80
./rebuild_oh_connectome.sh "experiments_exclude_updated.json" "../preprocessed/allen_template_inputs/oh_connectome_rgn_numbers_ccfv3.txt"	DEBUG:urllib3.connectionpool:http://api.brain-map.org:80 "GET /grid_data/download_file/174781014?image=injection_fraction&resolution=100 HTTP/1.1" 200 7482
./rebuild_oh_connectome.sh "experiments_exclude_updated.json" "../preprocessed/allen_template_inputs/oh_connectome_rgn_numbers_ccfv3.txt"	2026-01-23 20:50:48,916 allensdk.api.api.retrieve_file_over_http INFO     Downloading URL: http://api.brain-map.org/grid_data/download_file/174781014?image=projection_density&resolution=100
./rebuild_oh_connectome.sh "experiments_exclude_updated.json" "../preprocessed/allen_template_inputs/oh_connectome_rgn_numbers_ccfv3.txt"	INFO:allensdk.api.api.retrieve_file_over_http:Downloading URL: http://api.brain-map.org/grid_data/download_file/174781014?image=projection_density&resolution=100
./rebuild_oh_connectome.sh "experiments_exclude_updated.json" "../preprocessed/allen_template_inputs/oh_connectome_rgn_numbers_ccfv3.txt"	DEBUG:urllib3.connectionpool:Starting new HTTP connection (1): api.brain-map.org:80
./rebuild_oh_connectome.sh "experiments_exclude_updated.json" "../preprocessed/allen_template_inputs/oh_connectome_rgn_numbers_ccfv3.txt"	DEBUG:urllib3.connectionpool:http://api.brain-map.org:80 "GET /grid_data/download_file/174781014?image=projection_density&resolution=100 HTTP/1.1" 200 480894
./rebuild_oh_connectome.sh "experiments_exclude_updated.json" "../preprocessed/allen_template_inputs/oh_connectome_rgn_numbers_ccfv3.txt"	2026-01-23 20:51:04,482 allensdk.api.api.retrieve_file_over_http INFO     Downloading URL: http://api.brain-map.org/grid_data/download_file/125436508?image=data_mask&resolution=100
./rebuild_oh_connectome.sh "experiments_exclude_updated.json" "../preprocessed/allen_template_inputs/oh_connectome_rgn_numbers_ccfv3.txt"	INFO:allensdk.api.api.retrieve_file_over_http:Downloading URL: http://api.brain-map.org/grid_data/download_file/125436508?image=data_mask&resolution=100
./rebuild_oh_connectome.sh "experiments_exclude_updated.json" "../preprocessed/allen_template_inputs/oh_connectome_rgn_numbers_ccfv3.txt"	DEBUG:urllib3.connectionpool:Starting new HTTP connection (1): api.brain-map.org:80
./rebuild_oh_connectome.sh "experiments_exclude_updated.json" "../preprocessed/allen_template_inputs/oh_connectome_rgn_numbers_ccfv3.txt"	DEBUG:urllib3.connectionpool:http://api.brain-map.org:80 "GET /grid_data/download_file/125436508?image=data_mask&resolution=100 HTTP/1.1" 200 82840
./rebuild_oh_connectome.sh "experiments_exclude_updated.json" "../preprocessed/allen_template_inputs/oh_connectome_rgn_numbers_ccfv3.txt"	2026-01-23 20:51:06,428 allensdk.api.api.retrieve_file_over_http INFO     Downloading URL: http://api.brain-map.org/grid_data/download_file/125436508?image=injection_density&resolution=100
./rebuild_oh_connectome.sh "experiments_exclude_updated.json" "../preprocessed/allen_template_inputs/oh_connectome_rgn_numbers_ccfv3.txt"	INFO:allensdk.api.api.retrieve_file_over_http:Downloading URL: http://api.brain-map.org/grid_data/download_file/125436508?image=injection_density&resolution=100
./rebuild_oh_connectome.sh "experiments_exclude_updated.json" "../preprocessed/allen_template_inputs/oh_connectome_rgn_numbers_ccfv3.txt"	DEBUG:urllib3.connectionpool:Starting new HTTP connection (1): api.brain-map.org:80
./rebuild_oh_connectome.sh "experiments_exclude_updated.json" "../preprocessed/allen_template_inputs/oh_connectome_rgn_numbers_ccfv3.txt"	DEBUG:urllib3.connectionpool:http://api.brain-map.org:80 "GET /grid_data/download_file/125436508?image=injection_density&resolution=100 HTTP/1.1" 200 9675
./rebuild_oh_connectome.sh "experiments_exclude_updated.json" "../preprocessed/allen_template_inputs/oh_connectome_rgn_numbers_ccfv3.txt"	2026-01-23 20:51:06,641 allensdk.api.api.retrieve_file_over_http INFO     Downloading URL: http://api.brain-map.org/grid_data/download_file/125436508?image=injection_fraction&resolution=100
./rebuild_oh_connectome.sh "experiments_exclude_updated.json" "../preprocessed/allen_template_inputs/oh_connectome_rgn_numbers_ccfv3.txt"	INFO:allensdk.api.api.retrieve_file_over_http:Downloading URL: http://api.brain-map.org/grid_data/download_file/125436508?image=injection_fraction&resolution=100
./rebuild_oh_connectome.sh "experiments_exclude_updated.json" "../preprocessed/allen_template_inputs/oh_connectome_rgn_numbers_ccfv3.txt"	DEBUG:urllib3.connectionpool:Starting new HTTP connection (1): api.brain-map.org:80
./rebuild_oh_connectome.sh "experiments_exclude_updated.json" "../preprocessed/allen_template_inputs/oh_connectome_rgn_numbers_ccfv3.txt"	DEBUG:urllib3.connectionpool:http://api.brain-map.org:80 "GET /grid_data/download_file/125436508?image=injection_fraction&resolution=100 HTTP/1.1" 200 9594
./rebuild_oh_connectome.sh "experiments_exclude_updated.json" "../preprocessed/allen_template_inputs/oh_connectome_rgn_numbers_ccfv3.txt"	2026-01-23 20:51:07,401 allensdk.api.api.retrieve_file_over_http INFO     Downloading URL: http://api.brain-map.org/grid_data/download_file/125436508?image=projection_density&resolution=100
./rebuild_oh_connectome.sh "experiments_exclude_updated.json" "../preprocessed/allen_template_inputs/oh_connectome_rgn_numbers_ccfv3.txt"	INFO:allensdk.api.api.retrieve_file_over_http:Downloading URL: http://api.brain-map.org/grid_data/download_file/125436508?image=projection_density&resolution=100
./rebuild_oh_connectome.sh "experiments_exclude_updated.json" "../preprocessed/allen_template_inputs/oh_connectome_rgn_numbers_ccfv3.txt"	DEBUG:urllib3.connectionpool:Starting new HTTP connection (1): api.brain-map.org:80
./rebuild_oh_connectome.sh "experiments_exclude_updated.json" "../preprocessed/allen_template_inputs/oh_connectome_rgn_numbers_ccfv3.txt"	2026-01-23 21:01:07,487 allensdk.api.api.retrieve_file_over_http ERROR    Couldn't retrieve file /data/chamal/projects/natvik/allen_qc_reproducible_01192026/analysis/mouse_connectivity_models/paper/connectivity/experiment_125436508/projection_density_100.nrrd from http://api.brain-map.org/grid_data/download_file/125436508?image=projection_density&resolution=100 (timeout).
./rebuild_oh_connectome.sh "experiments_exclude_updated.json" "../preprocessed/allen_template_inputs/oh_connectome_rgn_numbers_ccfv3.txt"	ERROR:allensdk.api.api.retrieve_file_over_http:Couldn't retrieve file /data/chamal/projects/natvik/allen_qc_reproducible_01192026/analysis/mouse_connectivity_models/paper/connectivity/experiment_125436508/projection_density_100.nrrd from http://api.brain-map.org/grid_data/download_file/125436508?image=projection_density&resolution=100 (timeout).
./rebuild_oh_connectome.sh "experiments_exclude_updated.json" "../preprocessed/allen_template_inputs/oh_connectome_rgn_numbers_ccfv3.txt"	Traceback (most recent call last):
./rebuild_oh_connectome.sh "experiments_exclude_updated.json" "../preprocessed/allen_template_inputs/oh_connectome_rgn_numbers_ccfv3.txt"	  File "/data/chamal/projects/natvik/allen_qc_reproducible_01192026/analysis/.venv/lib/python3.9/site-packages/urllib3/connectionpool.py", line 468, in _make_request
./rebuild_oh_connectome.sh "experiments_exclude_updated.json" "../preprocessed/allen_template_inputs/oh_connectome_rgn_numbers_ccfv3.txt"	    six.raise_from(e, None)
./rebuild_oh_connectome.sh "experiments_exclude_updated.json" "../preprocessed/allen_template_inputs/oh_connectome_rgn_numbers_ccfv3.txt"	  File "<string>", line 3, in raise_from
./rebuild_oh_connectome.sh "experiments_exclude_updated.json" "../preprocessed/allen_template_inputs/oh_connectome_rgn_numbers_ccfv3.txt"	  File "/data/chamal/projects/natvik/allen_qc_reproducible_01192026/analysis/.venv/lib/python3.9/site-packages/urllib3/connectionpool.py", line 463, in _make_request
./rebuild_oh_connectome.sh "experiments_exclude_updated.json" "../preprocessed/allen_template_inputs/oh_connectome_rgn_numbers_ccfv3.txt"	    httplib_response = conn.getresponse()
./rebuild_oh_connectome.sh "experiments_exclude_updated.json" "../preprocessed/allen_template_inputs/oh_connectome_rgn_numbers_ccfv3.txt"	  File "/home/cic/natvik/.local/share/uv/python/cpython-3.9.23-linux-x86_64-gnu/lib/python3.9/http/client.py", line 1377, in getresponse
./rebuild_oh_connectome.sh "experiments_exclude_updated.json" "../preprocessed/allen_template_inputs/oh_connectome_rgn_numbers_ccfv3.txt"	    response.begin()
./rebuild_oh_connectome.sh "experiments_exclude_updated.json" "../preprocessed/allen_template_inputs/oh_connectome_rgn_numbers_ccfv3.txt"	  File "/home/cic/natvik/.local/share/uv/python/cpython-3.9.23-linux-x86_64-gnu/lib/python3.9/http/client.py", line 320, in begin
./rebuild_oh_connectome.sh "experiments_exclude_updated.json" "../preprocessed/allen_template_inputs/oh_connectome_rgn_numbers_ccfv3.txt"	    version, status, reason = self._read_status()
./rebuild_oh_connectome.sh "experiments_exclude_updated.json" "../preprocessed/allen_template_inputs/oh_connectome_rgn_numbers_ccfv3.txt"	  File "/home/cic/natvik/.local/share/uv/python/cpython-3.9.23-linux-x86_64-gnu/lib/python3.9/http/client.py", line 281, in _read_status
./rebuild_oh_connectome.sh "experiments_exclude_updated.json" "../preprocessed/allen_template_inputs/oh_connectome_rgn_numbers_ccfv3.txt"	    line = str(self.fp.readline(_MAXLINE + 1), "iso-8859-1")
./rebuild_oh_connectome.sh "experiments_exclude_updated.json" "../preprocessed/allen_template_inputs/oh_connectome_rgn_numbers_ccfv3.txt"	  File "/home/cic/natvik/.local/share/uv/python/cpython-3.9.23-linux-x86_64-gnu/lib/python3.9/socket.py", line 716, in readinto
./rebuild_oh_connectome.sh "experiments_exclude_updated.json" "../preprocessed/allen_template_inputs/oh_connectome_rgn_numbers_ccfv3.txt"	    return self._sock.recv_into(b)
./rebuild_oh_connectome.sh "experiments_exclude_updated.json" "../preprocessed/allen_template_inputs/oh_connectome_rgn_numbers_ccfv3.txt"	socket.timeout: timed out
./rebuild_oh_connectome.sh "experiments_exclude_updated.json" "../preprocessed/allen_template_inputs/oh_connectome_rgn_numbers_ccfv3.txt"	
./rebuild_oh_connectome.sh "experiments_exclude_updated.json" "../preprocessed/allen_template_inputs/oh_connectome_rgn_numbers_ccfv3.txt"	During handling of the above exception, another exception occurred:
./rebuild_oh_connectome.sh "experiments_exclude_updated.json" "../preprocessed/allen_template_inputs/oh_connectome_rgn_numbers_ccfv3.txt"	
./rebuild_oh_connectome.sh "experiments_exclude_updated.json" "../preprocessed/allen_template_inputs/oh_connectome_rgn_numbers_ccfv3.txt"	Traceback (most recent call last):
./rebuild_oh_connectome.sh "experiments_exclude_updated.json" "../preprocessed/allen_template_inputs/oh_connectome_rgn_numbers_ccfv3.txt"	  File "/data/chamal/projects/natvik/allen_qc_reproducible_01192026/analysis/.venv/lib/python3.9/site-packages/requests/adapters.py", line 667, in send
./rebuild_oh_connectome.sh "experiments_exclude_updated.json" "../preprocessed/allen_template_inputs/oh_connectome_rgn_numbers_ccfv3.txt"	    resp = conn.urlopen(
./rebuild_oh_connectome.sh "experiments_exclude_updated.json" "../preprocessed/allen_template_inputs/oh_connectome_rgn_numbers_ccfv3.txt"	  File "/data/chamal/projects/natvik/allen_qc_reproducible_01192026/analysis/.venv/lib/python3.9/site-packages/urllib3/connectionpool.py", line 802, in urlopen
./rebuild_oh_connectome.sh "experiments_exclude_updated.json" "../preprocessed/allen_template_inputs/oh_connectome_rgn_numbers_ccfv3.txt"	    retries = retries.increment(
./rebuild_oh_connectome.sh "experiments_exclude_updated.json" "../preprocessed/allen_template_inputs/oh_connectome_rgn_numbers_ccfv3.txt"	  File "/data/chamal/projects/natvik/allen_qc_reproducible_01192026/analysis/.venv/lib/python3.9/site-packages/urllib3/util/retry.py", line 552, in increment
./rebuild_oh_connectome.sh "experiments_exclude_updated.json" "../preprocessed/allen_template_inputs/oh_connectome_rgn_numbers_ccfv3.txt"	    raise six.reraise(type(error), error, _stacktrace)
./rebuild_oh_connectome.sh "experiments_exclude_updated.json" "../preprocessed/allen_template_inputs/oh_connectome_rgn_numbers_ccfv3.txt"	  File "/data/chamal/projects/natvik/allen_qc_reproducible_01192026/analysis/.venv/lib/python3.9/site-packages/urllib3/packages/six.py", line 770, in reraise
./rebuild_oh_connectome.sh "experiments_exclude_updated.json" "../preprocessed/allen_template_inputs/oh_connectome_rgn_numbers_ccfv3.txt"	    raise value
./rebuild_oh_connectome.sh "experiments_exclude_updated.json" "../preprocessed/allen_template_inputs/oh_connectome_rgn_numbers_ccfv3.txt"	  File "/data/chamal/projects/natvik/allen_qc_reproducible_01192026/analysis/.venv/lib/python3.9/site-packages/urllib3/connectionpool.py", line 716, in urlopen
./rebuild_oh_connectome.sh "experiments_exclude_updated.json" "../preprocessed/allen_template_inputs/oh_connectome_rgn_numbers_ccfv3.txt"	    httplib_response = self._make_request(
./rebuild_oh_connectome.sh "experiments_exclude_updated.json" "../preprocessed/allen_template_inputs/oh_connectome_rgn_numbers_ccfv3.txt"	  File "/data/chamal/projects/natvik/allen_qc_reproducible_01192026/analysis/.venv/lib/python3.9/site-packages/urllib3/connectionpool.py", line 470, in _make_request
./rebuild_oh_connectome.sh "experiments_exclude_updated.json" "../preprocessed/allen_template_inputs/oh_connectome_rgn_numbers_ccfv3.txt"	    self._raise_timeout(err=e, url=url, timeout_value=read_timeout)
./rebuild_oh_connectome.sh "experiments_exclude_updated.json" "../preprocessed/allen_template_inputs/oh_connectome_rgn_numbers_ccfv3.txt"	  File "/data/chamal/projects/natvik/allen_qc_reproducible_01192026/analysis/.venv/lib/python3.9/site-packages/urllib3/connectionpool.py", line 358, in _raise_timeout
./rebuild_oh_connectome.sh "experiments_exclude_updated.json" "../preprocessed/allen_template_inputs/oh_connectome_rgn_numbers_ccfv3.txt"	    raise ReadTimeoutError(
./rebuild_oh_connectome.sh "experiments_exclude_updated.json" "../preprocessed/allen_template_inputs/oh_connectome_rgn_numbers_ccfv3.txt"	urllib3.exceptions.ReadTimeoutError: HTTPConnectionPool(host='api.brain-map.org', port=80): Read timed out. (read timeout=600)
./rebuild_oh_connectome.sh "experiments_exclude_updated.json" "../preprocessed/allen_template_inputs/oh_connectome_rgn_numbers_ccfv3.txt"	
./rebuild_oh_connectome.sh "experiments_exclude_updated.json" "../preprocessed/allen_template_inputs/oh_connectome_rgn_numbers_ccfv3.txt"	During handling of the above exception, another exception occurred:
./rebuild_oh_connectome.sh "experiments_exclude_updated.json" "../preprocessed/allen_template_inputs/oh_connectome_rgn_numbers_ccfv3.txt"	
./rebuild_oh_connectome.sh "experiments_exclude_updated.json" "../preprocessed/allen_template_inputs/oh_connectome_rgn_numbers_ccfv3.txt"	Traceback (most recent call last):
./rebuild_oh_connectome.sh "experiments_exclude_updated.json" "../preprocessed/allen_template_inputs/oh_connectome_rgn_numbers_ccfv3.txt"	  File "/data/chamal/projects/natvik/allen_qc_reproducible_01192026/analysis/build_homogeneous_model_new_excluded.py", line 109, in <module>
./rebuild_oh_connectome.sh "experiments_exclude_updated.json" "../preprocessed/allen_template_inputs/oh_connectome_rgn_numbers_ccfv3.txt"	    main()
./rebuild_oh_connectome.sh "experiments_exclude_updated.json" "../preprocessed/allen_template_inputs/oh_connectome_rgn_numbers_ccfv3.txt"	  File "/data/chamal/projects/natvik/allen_qc_reproducible_01192026/analysis/build_homogeneous_model_new_excluded.py", line 98, in main
./rebuild_oh_connectome.sh "experiments_exclude_updated.json" "../preprocessed/allen_template_inputs/oh_connectome_rgn_numbers_ccfv3.txt"	    model = fit(cache, rgn_list_path, **fit_kwargs)
./rebuild_oh_connectome.sh "experiments_exclude_updated.json" "../preprocessed/allen_template_inputs/oh_connectome_rgn_numbers_ccfv3.txt"	  File "/data/chamal/projects/natvik/allen_qc_reproducible_01192026/analysis/build_homogeneous_model_new_excluded.py", line 38, in fit
./rebuild_oh_connectome.sh "experiments_exclude_updated.json" "../preprocessed/allen_template_inputs/oh_connectome_rgn_numbers_ccfv3.txt"	    ipsi_data = ModelData(cache, ROOT_ID).get_regional_data(rgn_list_path,
./rebuild_oh_connectome.sh "experiments_exclude_updated.json" "../preprocessed/allen_template_inputs/oh_connectome_rgn_numbers_ccfv3.txt"	  File "/data/chamal/projects/natvik/allen_qc_reproducible_01192026/analysis/model_data_updated.py", line 69, in get_regional_data
./rebuild_oh_connectome.sh "experiments_exclude_updated.json" "../preprocessed/allen_template_inputs/oh_connectome_rgn_numbers_ccfv3.txt"	    data.get_experiment_data(experiment_ids)
./rebuild_oh_connectome.sh "experiments_exclude_updated.json" "../preprocessed/allen_template_inputs/oh_connectome_rgn_numbers_ccfv3.txt"	  File "/data/chamal/projects/natvik/allen_qc_reproducible_01192026/analysis/.venv/lib/python3.9/site-packages/mcmodels/core/base.py", line 263, in get_experiment_data
./rebuild_oh_connectome.sh "experiments_exclude_updated.json" "../preprocessed/allen_template_inputs/oh_connectome_rgn_numbers_ccfv3.txt"	    centroids, injections, projections = map(np.array, zip(*arrays))
./rebuild_oh_connectome.sh "experiments_exclude_updated.json" "../preprocessed/allen_template_inputs/oh_connectome_rgn_numbers_ccfv3.txt"	  File "/data/chamal/projects/natvik/allen_qc_reproducible_01192026/analysis/.venv/lib/python3.9/site-packages/mcmodels/core/base.py", line 112, in _experiment_generator
./rebuild_oh_connectome.sh "experiments_exclude_updated.json" "../preprocessed/allen_template_inputs/oh_connectome_rgn_numbers_ccfv3.txt"	    experiment = Experiment.from_cache(
./rebuild_oh_connectome.sh "experiments_exclude_updated.json" "../preprocessed/allen_template_inputs/oh_connectome_rgn_numbers_ccfv3.txt"	  File "/data/chamal/projects/natvik/allen_qc_reproducible_01192026/analysis/.venv/lib/python3.9/site-packages/mcmodels/core/experiment.py", line 161, in from_cache
./rebuild_oh_connectome.sh "experiments_exclude_updated.json" "../preprocessed/allen_template_inputs/oh_connectome_rgn_numbers_ccfv3.txt"	    data_volumes = _pull_grid_data(cache, experiment_id)
./rebuild_oh_connectome.sh "experiments_exclude_updated.json" "../preprocessed/allen_template_inputs/oh_connectome_rgn_numbers_ccfv3.txt"	  File "/data/chamal/projects/natvik/allen_qc_reproducible_01192026/analysis/.venv/lib/python3.9/site-packages/mcmodels/core/experiment.py", line 42, in _pull_grid_data
./rebuild_oh_connectome.sh "experiments_exclude_updated.json" "../preprocessed/allen_template_inputs/oh_connectome_rgn_numbers_ccfv3.txt"	    "projection_density" : cache.get_projection_density(experiment_id)[0]
./rebuild_oh_connectome.sh "experiments_exclude_updated.json" "../preprocessed/allen_template_inputs/oh_connectome_rgn_numbers_ccfv3.txt"	  File "/data/chamal/projects/natvik/allen_qc_reproducible_01192026/analysis/.venv/lib/python3.9/site-packages/allensdk/core/mouse_connectivity_cache.py", line 188, in get_projection_density
./rebuild_oh_connectome.sh "experiments_exclude_updated.json" "../preprocessed/allen_template_inputs/oh_connectome_rgn_numbers_ccfv3.txt"	    self.api.download_projection_density(
./rebuild_oh_connectome.sh "experiments_exclude_updated.json" "../preprocessed/allen_template_inputs/oh_connectome_rgn_numbers_ccfv3.txt"	  File "/data/chamal/projects/natvik/allen_qc_reproducible_01192026/analysis/.venv/lib/python3.9/site-packages/allensdk/api/warehouse_cache/cache.py", line 661, in w
./rebuild_oh_connectome.sh "experiments_exclude_updated.json" "../preprocessed/allen_template_inputs/oh_connectome_rgn_numbers_ccfv3.txt"	    result = Cache.cacher(func,
./rebuild_oh_connectome.sh "experiments_exclude_updated.json" "../preprocessed/allen_template_inputs/oh_connectome_rgn_numbers_ccfv3.txt"	  File "/data/chamal/projects/natvik/allen_qc_reproducible_01192026/analysis/.venv/lib/python3.9/site-packages/allensdk/api/warehouse_cache/cache.py", line 387, in cacher
./rebuild_oh_connectome.sh "experiments_exclude_updated.json" "../preprocessed/allen_template_inputs/oh_connectome_rgn_numbers_ccfv3.txt"	    data = fn(*args, **kwargs)
./rebuild_oh_connectome.sh "experiments_exclude_updated.json" "../preprocessed/allen_template_inputs/oh_connectome_rgn_numbers_ccfv3.txt"	  File "/data/chamal/projects/natvik/allen_qc_reproducible_01192026/analysis/.venv/lib/python3.9/site-packages/allensdk/api/queries/mouse_connectivity_api.py", line 457, in download_projection_density
./rebuild_oh_connectome.sh "experiments_exclude_updated.json" "../preprocessed/allen_template_inputs/oh_connectome_rgn_numbers_ccfv3.txt"	    self.download_projection_grid_data(
./rebuild_oh_connectome.sh "experiments_exclude_updated.json" "../preprocessed/allen_template_inputs/oh_connectome_rgn_numbers_ccfv3.txt"	  File "/data/chamal/projects/natvik/allen_qc_reproducible_01192026/analysis/.venv/lib/python3.9/site-packages/allensdk/api/queries/grid_data_api.py", line 175, in download_projection_grid_data
./rebuild_oh_connectome.sh "experiments_exclude_updated.json" "../preprocessed/allen_template_inputs/oh_connectome_rgn_numbers_ccfv3.txt"	    self.retrieve_file_over_http(url, save_file_path)
./rebuild_oh_connectome.sh "experiments_exclude_updated.json" "../preprocessed/allen_template_inputs/oh_connectome_rgn_numbers_ccfv3.txt"	  File "/data/chamal/projects/natvik/allen_qc_reproducible_01192026/analysis/.venv/lib/python3.9/site-packages/allensdk/api/api.py", line 323, in retrieve_file_over_http
./rebuild_oh_connectome.sh "experiments_exclude_updated.json" "../preprocessed/allen_template_inputs/oh_connectome_rgn_numbers_ccfv3.txt"	    stream_file_over_http(url, file_path)
./rebuild_oh_connectome.sh "experiments_exclude_updated.json" "../preprocessed/allen_template_inputs/oh_connectome_rgn_numbers_ccfv3.txt"	  File "/data/chamal/projects/natvik/allen_qc_reproducible_01192026/analysis/.venv/lib/python3.9/site-packages/allensdk/api/api.py", line 439, in stream_file_over_http
./rebuild_oh_connectome.sh "experiments_exclude_updated.json" "../preprocessed/allen_template_inputs/oh_connectome_rgn_numbers_ccfv3.txt"	    with closing(requests.get(url, stream=True, timeout=timeout)) as response:
./rebuild_oh_connectome.sh "experiments_exclude_updated.json" "../preprocessed/allen_template_inputs/oh_connectome_rgn_numbers_ccfv3.txt"	  File "/data/chamal/projects/natvik/allen_qc_reproducible_01192026/analysis/.venv/lib/python3.9/site-packages/requests/api.py", line 73, in get
./rebuild_oh_connectome.sh "experiments_exclude_updated.json" "../preprocessed/allen_template_inputs/oh_connectome_rgn_numbers_ccfv3.txt"	    return request("get", url, params=params, **kwargs)
./rebuild_oh_connectome.sh "experiments_exclude_updated.json" "../preprocessed/allen_template_inputs/oh_connectome_rgn_numbers_ccfv3.txt"	  File "/data/chamal/projects/natvik/allen_qc_reproducible_01192026/analysis/.venv/lib/python3.9/site-packages/requests/api.py", line 59, in request
./rebuild_oh_connectome.sh "experiments_exclude_updated.json" "../preprocessed/allen_template_inputs/oh_connectome_rgn_numbers_ccfv3.txt"	    return session.request(method=method, url=url, **kwargs)
./rebuild_oh_connectome.sh "experiments_exclude_updated.json" "../preprocessed/allen_template_inputs/oh_connectome_rgn_numbers_ccfv3.txt"	  File "/data/chamal/projects/natvik/allen_qc_reproducible_01192026/analysis/.venv/lib/python3.9/site-packages/requests/sessions.py", line 589, in request
./rebuild_oh_connectome.sh "experiments_exclude_updated.json" "../preprocessed/allen_template_inputs/oh_connectome_rgn_numbers_ccfv3.txt"	    resp = self.send(prep, **send_kwargs)
./rebuild_oh_connectome.sh "experiments_exclude_updated.json" "../preprocessed/allen_template_inputs/oh_connectome_rgn_numbers_ccfv3.txt"	  File "/data/chamal/projects/natvik/allen_qc_reproducible_01192026/analysis/.venv/lib/python3.9/site-packages/requests/sessions.py", line 703, in send
./rebuild_oh_connectome.sh "experiments_exclude_updated.json" "../preprocessed/allen_template_inputs/oh_connectome_rgn_numbers_ccfv3.txt"	    r = adapter.send(request, **kwargs)
./rebuild_oh_connectome.sh "experiments_exclude_updated.json" "../preprocessed/allen_template_inputs/oh_connectome_rgn_numbers_ccfv3.txt"	  File "/data/chamal/projects/natvik/allen_qc_reproducible_01192026/analysis/.venv/lib/python3.9/site-packages/requests/adapters.py", line 713, in send
./rebuild_oh_connectome.sh "experiments_exclude_updated.json" "../preprocessed/allen_template_inputs/oh_connectome_rgn_numbers_ccfv3.txt"	    raise ReadTimeout(e, request=request)
./rebuild_oh_connectome.sh "experiments_exclude_updated.json" "../preprocessed/allen_template_inputs/oh_connectome_rgn_numbers_ccfv3.txt"	requests.exceptions.ReadTimeout: HTTPConnectionPool(host='api.brain-map.org', port=80): Read timed out. (read timeout=600)
